******************************************************************************
                  TI ARM Linker PC v16.9.6                     
******************************************************************************
>> Linked Thu Nov 03 14:30:56 2022

OUTPUT FILE NAME:   <Lab5_UARTComms.out>
ENTRY POINT SYMBOL: "_c_int00"  address: 00003879


MEMORY CONFIGURATION

         name            origin    length      used     unused   attr    fill
----------------------  --------  ---------  --------  --------  ----  --------
  MAIN                  00000000   00040000  00003c24  0003c3dc  R  X
  INFO                  00200000   00004000  00000000  00004000  R  X
  SRAM_CODE             01000000   00010000  00003d61  0000c29f  RW X
  SRAM_DATA             20000000   00010000  00003d61  0000c29f  RW  


SEGMENT ALLOCATION MAP

run origin  load origin   length   init length attrs members
----------  ----------- ---------- ----------- ----- -------
00000000    00000000    00003c28   00003c28    r-x
  00000000    00000000    000000e4   000000e4    r-- .intvecs
  000000e4    000000e4    00003a70   00003a70    r-x .text
  00003b54    00003b54    00000020   00000020    r-- .const
  00003b78    00003b78    000000b0   000000b0    r-- .cinit
20000000    20000000    00003b64   00000000    rw-
  20000000    20000000    0000352d   00000000    rw- .bss
  20003530    20003530    00000400   00000000    rw- .sysmem
  20003930    20003930    00000234   00000000    rw- .data
2000fe00    2000fe00    00000200   00000000    rw-
  2000fe00    2000fe00    00000200   00000000    rw- .stack


SECTION ALLOCATION MAP

 output                                  attributes/
section   page    origin      length       input sections
--------  ----  ----------  ----------   ----------------
.intvecs   0    00000000    000000e4     
                  00000000    000000e4     startup_msp432p401r_ccs.obj (.intvecs:retain)

.binit     0    00000000    00000000     

.text      0    000000e4    00003a70     
                  000000e4    00000888     Lab5_UARTmain.obj (.text)
                  0000096c    000006bc     UART0.obj (.text)
                  00001028    000005ba     EUSCIA0.obj (.text)
                  000015e2    00000002     rtsv7M4_T_le_v4SPD16_eabi.lib : mpu_init.obj (.text)
                  000015e4    000003d0                                   : memory.obj (.text)
                  000019b4    0000032c     system_msp432p401r.obj (.text)
                  00001ce0    00000304     Reflectance.obj (.text)
                  00001fe4    00000248     LPF.obj (.text)
                  0000222c    00000210     FIFO0.obj (.text)
                  0000243c    000001e0     Clock.obj (.text)
                  0000261c    000001c4     rtsv7M4_T_le_v4SPD16_eabi.lib : fopen.obj (.text)
                  000027e0    000001b0     Motor.obj (.text)
                  00002990    00000164     ADC14.obj (.text)
                  00002af4    00000104     TA3InputCapture.obj (.text)
                  00002bf8    000000f4     LaunchPad.obj (.text)
                  00002cec    000000f0     BumpInt.obj (.text)
                  00002ddc    000000ec     PWM.obj (.text)
                  00002ec8    000000dc     rtsv7M4_T_le_v4SPD16_eabi.lib : setvbuf.obj (.text)
                  00002fa4    000000c8                                   : fflush.obj (.text)
                  0000306c    000000bc                                   : open.obj (.text)
                  00003128    000000b8                                   : add_device.obj (.text)
                  000031e0    000000a8     TimerA1.obj (.text)
                  00003288    0000009c     rtsv7M4_T_le_v4SPD16_eabi.lib : memcpy_t2.obj (.text)
                  00003324    00000098                                   : fclose.obj (.text)
                  000033bc    0000007a                                   : memset_t2.obj (.text)
                  00003436    00000002                                   : startup.obj (.text)
                  00003438    00000070                                   : autoinit.obj (.text)
                  000034a8    00000070                                   : getdevice.obj (.text)
                  00003518    00000068                                   : copy_decompress_lzss.obj (.text:decompress:lzss)
                  00003580    00000068                                   : hostlseek.obj (.text)
                  000035e8    00000068                                   : hostrename.obj (.text)
                  00003650    00000068                                   : trgmsg.obj (.text)
                  000036b8    00000060                                   : hostopen.obj (.text)
                  00003718    0000005c                                   : close.obj (.text)
                  00003774    00000058                                   : hostread.obj (.text)
                  000037cc    00000058                                   : hostwrite.obj (.text)
                  00003824    00000054     IRDistance.obj (.text)
                  00003878    00000054     rtsv7M4_T_le_v4SPD16_eabi.lib : boot.obj (.text)
                  000038cc    00000054                                   : exit.obj (.text)
                  00003920    0000004c                                   : cpy_tbl.obj (.text)
                  0000396c    00000044                                   : hostclose.obj (.text)
                  000039b0    00000044                                   : hostunlink.obj (.text)
                  000039f4    00000036                                   : strncpy.obj (.text)
                  00003a2a    00000002     --HOLE-- [fill = 0]
                  00003a2c    0000002c                                   : unlink.obj (.text)
                  00003a58    00000028                                   : write.obj (.text)
                  00003a80    00000024     CortexM.obj (.text)
                  00003aa4    00000018     rtsv7M4_T_le_v4SPD16_eabi.lib : args_main.obj (.text)
                  00003abc    00000018                                   : strcmp.obj (.text)
                  00003ad4    00000016                                   : strchr.obj (.text)
                  00003aea    00000002     --HOLE-- [fill = 0]
                  00003aec    00000014                                   : _lock.obj (.text)
                  00003b00    00000014                                   : strcpy.obj (.text)
                  00003b14    00000014                                   : strlen.obj (.text)
                  00003b28    0000000e                                   : copy_decompress_none.obj (.text:decompress:none)
                  00003b36    0000000e     startup_msp432p401r_ccs.obj (.text)
                  00003b44    0000000c     rtsv7M4_T_le_v4SPD16_eabi.lib : copy_zero_init.obj (.text:decompress:ZI)
                  00003b50    00000004                                   : pre_init.obj (.text)

.const     0    00003b54    00000020     
                  00003b54    00000020     Reflectance.obj (.const:$P$T0$1)

.cinit     0    00003b78    000000b0     
                  00003b78    00000087     (.cinit..data.load) [load image, compression = lzss]
                  00003bff    00000001     --HOLE-- [fill = 0]
                  00003c00    0000000c     (__TI_handler_table)
                  00003c0c    00000004     --HOLE-- [fill = 0]
                  00003c10    00000008     (.cinit..bss.load) [load image, compression = zero_init]
                  00003c18    00000010     (__TI_cinit_table)

.init_array 
*          0    00000000    00000000     UNINITIALIZED

.bss       0    20000000    0000352d     UNINITIALIZED
                  20000000    00001000     (.common:x)
                  20001000    00001000     (.common:x2)
                  20002000    00001000     (.common:x3)
                  20003000    00000200     (.common:TxHistogram)
                  20003200    00000120     rtsv7M4_T_le_v4SPD16_eabi.lib : trgmsg.obj (.bss:_CIOBUF_)
                  20003320    000000a0     (.common:__TI_tmpnams)
                  200033c0    00000082     (.common:RxFifo0)
                  20003442    00000082     (.common:TxFifo0)
                  200034c4    00000008     (.common:Messageb)
                  200034cc    00000008     (.common:Messagec)
                  200034d4    00000008     (.common:oarr)
                  200034dc    00000008     (.common:parmbuf)
                  200034e4    00000004     (.common:ADCflag)
                  200034e8    00000004     (.common:I1)
                  200034ec    00000004     (.common:I2)
                  200034f0    00000004     (.common:I3)
                  200034f4    00000004     (.common:LPFSum)
                  200034f8    00000004     (.common:LPFSum2)
                  200034fc    00000004     (.common:LPFSum3)
                  20003500    00000004     (.common:Messageindexb)
                  20003504    00000004     (.common:Messageindexc)
                  20003508    00000004     (.common:Port4Task)
                  2000350c    00000004     (.common:Size)
                  20003510    00000004     (.common:Size2)
                  20003514    00000004     (.common:Size3)
                  20003518    00000004     (.common:TimerA1Task)
                  2000351c    00000004     (.common:nc)
                  20003520    00000004     (.common:nl)
                  20003524    00000004     (.common:nr)
                  20003528    00000002     (.common:Period0)
                  2000352a    00000002     (.common:Period2)
                  2000352c    00000001     (.common:flag)

.sysmem    0    20003530    00000400     UNINITIALIZED
                  20003530    00000008     rtsv7M4_T_le_v4SPD16_eabi.lib : memory.obj (.sysmem)
                  20003538    000003f8     --HOLE--

.data      0    20003930    00000234     UNINITIALIZED
                  20003930    000000f0     rtsv7M4_T_le_v4SPD16_eabi.lib : defs.obj (.data:_ftable)
                  20003a20    00000078                                   : write.obj (.data:_device)
                  20003a98    00000050                                   : write.obj (.data:_stream)
                  20003ae8    00000018     Clock.obj (.data)
                  20003b00    00000016     Lab5_UARTmain.obj (.data)
                  20003b16    00000002     --HOLE--
                  20003b18    00000010     rtsv7M4_T_le_v4SPD16_eabi.lib : defs.obj (.data)
                  20003b28    0000000c                                   : exit.obj (.data:$O1$$)
                  20003b34    0000000c                                   : memory.obj (.data:$O1$$)
                  20003b40    00000008                                   : _lock.obj (.data:$O1$$)
                  20003b48    00000008     TA3InputCapture.obj (.data)
                  20003b50    00000004     rtsv7M4_T_le_v4SPD16_eabi.lib : add_device.obj (.data)
                  20003b54    00000004                                   : fopen.obj (.data)
                  20003b58    00000004                                   : open.obj (.data)
                  20003b5c    00000004                                   : stkdepth_vars.obj (.data)
                  20003b60    00000004     system_msp432p401r.obj (.data)

.stack     0    2000fe00    00000200     UNINITIALIZED
                  2000fe00    00000200     --HOLE--

MODULE SUMMARY

       Module                        code    ro data   rw data
       ------                        ----    -------   -------
    .\
       LPF.obj                       584     0         24648  
       Lab5_UARTmain.obj             2184    0         102    
       FIFO0.obj                     528     0         1544   
       UART0.obj                     1724    0         24     
       EUSCIA0.obj                   1466    0         24     
       system_msp432p401r.obj        812     0         8      
       Reflectance.obj               772     32        0      
       Clock.obj                     480     0         48     
       Motor.obj                     432     0         0      
       ADC14.obj                     356     0         0      
       TA3InputCapture.obj           260     0         16     
       BumpInt.obj                   240     0         8      
       LaunchPad.obj                 244     0         0      
       startup_msp432p401r_ccs.obj   14      228       0      
       PWM.obj                       236     0         0      
       TimerA1.obj                   168     0         8      
       IRDistance.obj                84      0         0      
       CortexM.obj                   36      0         0      
    +--+-----------------------------+-------+---------+---------+
       Total:                        10620   260       26430  
                                                              
    C:\ti\ccsv7\tools\compiler\ti-cgt-arm_16.9.6.LTS\lib\rtsv7M4_T_le_v4SPD16_eabi.lib
       memory.obj                    976     0         24     
       defs.obj                      0       0         832    
       trgmsg.obj                    104     0         576    
       fopen.obj                     452     0         8      
       write.obj                     40      0         400    
       setvbuf.obj                   220     0         0      
       fflush.obj                    200     0         0      
       open.obj                      188     0         8      
       add_device.obj                184     0         8      
       memcpy_t2.obj                 156     0         0      
       fclose.obj                    152     0         0      
       memset_t2.obj                 122     0         0      
       autoinit.obj                  112     0         0      
       getdevice.obj                 112     0         0      
       hostopen.obj                  96      0         16     
       exit.obj                      84      0         24     
       copy_decompress_lzss.obj      104     0         0      
       hostlseek.obj                 104     0         0      
       hostrename.obj                104     0         0      
       close.obj                     92      0         0      
       hostread.obj                  88      0         0      
       hostwrite.obj                 88      0         0      
       boot.obj                      84      0         0      
       cpy_tbl.obj                   76      0         0      
       hostclose.obj                 68      0         0      
       hostunlink.obj                68      0         0      
       strncpy.obj                   54      0         0      
       unlink.obj                    44      0         0      
       _lock.obj                     20      0         16     
       args_main.obj                 24      0         0      
       strcmp.obj                    24      0         0      
       strchr.obj                    22      0         0      
       strcpy.obj                    20      0         0      
       strlen.obj                    20      0         0      
       copy_decompress_none.obj      14      0         0      
       copy_zero_init.obj            12      0         0      
       stkdepth_vars.obj             0       0         8      
       pre_init.obj                  4       0         0      
       mpu_init.obj                  2       0         0      
       startup.obj                   2       0         0      
    +--+-----------------------------+-------+---------+---------+
       Total:                        4336    0         1920   
                                                              
       Heap:                         0       0         2048   
       Stack:                        0       0         1024   
       Linker Generated:             0       171       0      
    +--+-----------------------------+-------+---------+---------+
       Grand Total:                  14956   431       31422  


LINKER GENERATED COPY TABLES

__TI_cinit_table @ 00003c18 records: 2, size/record: 8, table size: 16
	.data: load addr=00003b78, load size=00000087 bytes, run addr=20003930, run size=00000234 bytes, compression=lzss
	.bss: load addr=00003c10, load size=00000008 bytes, run addr=20000000, run size=0000352d bytes, compression=zero_init


LINKER GENERATED HANDLER TABLE

__TI_handler_table @ 00003c00 records: 3, size/record: 4, table size: 12
	index: 0, handler: __TI_decompress_lzss
	index: 1, handler: __TI_decompress_none
	index: 2, handler: __TI_zero_init


GLOBAL SYMBOLS: SORTED ALPHABETICALLY BY Name 

address   name                           
-------   ----                           
00002991  ADC0_InitSWTriggerCh12         
00002a01  ADC0_InitSWTriggerCh17_12_16   
00003b43  ADC14_IRQHandler               
000029e1  ADC_In12                       
00002a71  ADC_In17_12_16                 
200034e4  ADCflag                        
00003b43  AES256_IRQHandler              
00002ced  BumpInt_Init                   
00002d67  Bump_Read                      
00003b43  BusFault_Handler               
000038cd  C$$EXIT                        
0000367f  C$$IO$$                        
00003b43  COMP_E0_IRQHandler             
00003b43  COMP_E1_IRQHandler             
20003af0  CPMwait                        
00003b43  CS_IRQHandler                  
20003b48  CaptureTask0                   
20003b4c  CaptureTask2                   
0000383f  CenterConvert                  
20003ae8  ClockFrequency                 
00002591  Clock_Delay1ms                 
00002567  Clock_Delay1us                 
00002553  Clock_GetFreq                  
0000243d  Clock_Init48MHz                
20003afc  Crystalstable                  
00003b43  DMA_ERR_IRQHandler             
00003b43  DMA_INT0_IRQHandler            
00003b43  DMA_INT1_IRQHandler            
00003b43  DMA_INT2_IRQHandler            
00003b43  DMA_INT3_IRQHandler            
00003b43  DebugMon_Handler               
00003b43  Default_Handler                
00003a81  DisableInterrupts              
20003b04  Done0                          
20003b0c  Done2                          
000010bb  EUSCIA0_IRQHandler             
000010bb  EUSCIA0_IRQHandler             
0000108f  EUSCIA0_InChar                 
00001559  EUSCIA0_InString               
0000110f  EUSCIA0_InUDec                 
0000140d  EUSCIA0_InUHex                 
00001029  EUSCIA0_Init                   
000010a1  EUSCIA0_OutChar                
000010f1  EUSCIA0_OutString              
00001193  EUSCIA0_OutUDec                
00001325  EUSCIA0_OutUDec4               
0000135d  EUSCIA0_OutUDec5               
00001399  EUSCIA0_OutUFix1               
000013c1  EUSCIA0_OutUFix2               
000014d5  EUSCIA0_OutUHex                
0000153b  EUSCIA0_OutUHex2               
00001519  EUSCIA0outnibble               
00003b43  EUSCIA1_IRQHandler             
00003b43  EUSCIA2_IRQHandler             
00003b43  EUSCIA3_IRQHandler             
00003b43  EUSCIB0_IRQHandler             
00003b43  EUSCIB1_IRQHandler             
00003b43  EUSCIB2_IRQHandler             
00003b43  EUSCIB3_IRQHandler             
00003a87  EnableInterrupts               
00003a97  EndCritical                    
00003b43  FLCTL_IRQHandler               
00003b43  FPU_IRQHandler                 
20003b00  First0                         
20003b08  First2                         
0000396d  HOSTclose                      
00003581  HOSTlseek                      
000036b9  HOSTopen                       
00003775  HOSTread                       
000035e9  HOSTrename                     
000039b1  HOSTunlink                     
000037cd  HOSTwrite                      
00003b43  HardFault_Handler              
200034e8  I1                             
200034ec  I2                             
200034f0  I3                             
20003af8  IFlags                         
200034f4  LPFSum                         
200034f8  LPFSum2                        
200034fc  LPFSum3                        
00002043  LPF_Calc                       
000020f5  LPF_Calc2                      
000021a7  LPF_Calc3                      
00001fe5  LPF_Init                       
00002097  LPF_Init2                      
00002149  LPF_Init3                      
00002bf9  LaunchPad_Init                 
00002c69  LaunchPad_Input                
00002c83  LaunchPad_LED                  
00002ca1  LaunchPad_Output               
00003825  LeftConvert                    
00003b43  MemManage_Handler              
200034c4  Messageb                       
200034cc  Messagec                       
20003500  Messageindexb                  
20003504  Messageindexc                  
00002931  Motor_Backward                 
0000288d  Motor_Forward                  
000027e1  Motor_Init                     
000028f7  Motor_Left                     
000028bd  Motor_Right                    
00002869  Motor_Stop                     
00003b43  NMI_Handler                    
000001a3  Obstacle                       
00003b43  PCM_IRQHandler                 
00003b43  PORT1_IRQHandler               
00003b43  PORT2_IRQHandler               
00003b43  PORT3_IRQHandler               
00002d9f  PORT4_IRQHandler               
00002d9f  PORT4_IRQHandler               
00003b43  PORT5_IRQHandler               
00003b43  PORT6_IRQHandler               
00003b43  PSS_IRQHandler                 
00002e61  PWM_Duty3                      
00002e81  PWM_Duty4                      
00002ddd  PWM_Init34                     
00003b43  PendSV_Handler                 
20003528  Period0                        
2000352a  Period2                        
00000147  PeriodMeasure0                 
00000175  PeriodMeasure2                 
20003508  Port4Task                      
00001cf1  Port5_Init                     
00001d31  Port7_Init                     
00001d53  Port7_InitToInput              
00001d45  Port7_Output_ChargeCap         
00001d11  Port9_Init                     
20003af4  Postwait                       
20003aec  Prewait                        
00000245  RSLK_Reset                     
00003b43  RTC_C_IRQHandler               
00001da9  Reflectance_Center             
00001f7b  Reflectance_End                
00001ce1  Reflectance_Init               
00001e0d  Reflectance_Position           
00001d5b  Reflectance_Read               
00001f55  Reflectance_Start              
00003b37  Reset_Handler                  
00003859  RightConvert                   
200033c0  RxFifo0                        
000023a7  RxFifo0_Get                    
0000234d  RxFifo0_Init                   
00002359  RxFifo0_Put                    
000023e5  RxFifo0_Size                   
UNDEFED   SHT$$INIT_ARRAY$$Base          
UNDEFED   SHT$$INIT_ARRAY$$Limit         
00003b43  SVC_Handler                    
000000e5  SensorRead_ISR                 
2000350c  Size                           
20003510  Size2                          
20003514  Size3                          
00003a8d  StartCritical                  
00003b43  SysTick_Handler                
20003b60  SystemCoreClock                
000019b5  SystemCoreClockUpdate          
00001c29  SystemInit                     
00003b43  T32_INT1_IRQHandler            
00003b43  T32_INT2_IRQHandler            
00003b43  T32_INTC_IRQHandler            
00003b43  TA0_0_IRQHandler               
00003b43  TA0_N_IRQHandler               
00003253  TA1_0_IRQHandler               
00003253  TA1_0_IRQHandler               
00003b43  TA1_N_IRQHandler               
00003b43  TA2_0_IRQHandler               
00003b43  TA2_N_IRQHandler               
00002b87  TA3_0_IRQHandler               
00002b87  TA3_0_IRQHandler               
00002ba1  TA3_N_IRQHandler               
00002ba1  TA3_N_IRQHandler               
20003518  TimerA1Task                    
000031e1  TimerA1_Init                   
0000323f  TimerA1_Stop                   
00002b01  TimerA3Capture_Init            
00000135  Touch_IRQHandler               
20003442  TxFifo0                        
000022b9  TxFifo0_Get                    
0000222d  TxFifo0_Init                   
0000225f  TxFifo0_Put                    
000022f7  TxFifo0_Size                   
20003000  TxHistogram                    
000009b3  UART0_InChar                   
00000e3d  UART0_InString                 
000009fd  UART0_InUDec                   
00000cf1  UART0_InUHex                   
0000096d  UART0_Init                     
00000f9d  UART0_Initprintf               
000009c3  UART0_OutChar                  
000009df  UART0_OutString                
00000a81  UART0_OutUDec                  
00000bed  UART0_OutUDec4                 
00000c41  UART0_OutUDec5                 
00000c7d  UART0_OutUFix1                 
00000ca5  UART0_OutUFix2                 
00000db5  UART0_OutUHex                  
00000e21  UART0_OutUHex2                 
00003b43  UsageFault_Handler             
4000480c  WDTCTL_SYM                     
00003b43  WDT_A_IRQHandler               
00003a9f  WaitForInterrupt               
20003200  __CIOBUF_                      
20010000  __STACK_END                    
00000200  __STACK_SIZE                   
00000400  __SYSMEM_SIZE                  
00003c18  __TI_CINIT_Base                
00003c28  __TI_CINIT_Limit               
00003c00  __TI_Handler_Table_Base        
00003c0c  __TI_Handler_Table_Limit       
00003439  __TI_auto_init                 
000026e5  __TI_cleanup                   
20003b28  __TI_cleanup_ptr               
00003325  __TI_closefile                 
00003519  __TI_decompress_lzss           
00003b29  __TI_decompress_none           
00002fa5  __TI_doflush                   
20003b2c  __TI_dtors_ptr                 
20003b30  __TI_enable_exit_profile_output
20003b18  __TI_ft_end                    
ffffffff  __TI_pprof_out_hndl            
ffffffff  __TI_prof_data_size            
ffffffff  __TI_prof_data_start           
00003683  __TI_readmsg                   
00000000  __TI_static_base__             
20003320  __TI_tmpnams                   
00003651  __TI_writemsg                  
00003b45  __TI_zero_init                 
000033bd  __aeabi_memclr                 
000033bd  __aeabi_memclr4                
000033bd  __aeabi_memclr8                
00003289  __aeabi_memcpy                 
00003289  __aeabi_memcpy4                
00003289  __aeabi_memcpy8                
000033bf  __aeabi_memset                 
000033bf  __aeabi_memset4                
000033bf  __aeabi_memset8                
20003b24  __aeabi_stderr                 
20003b1c  __aeabi_stdin                  
20003b20  __aeabi_stdout                 
ffffffff  __binit__                      
ffffffff  __c_args__                     
000015e3  __mpu_init                     
2000fe00  __stack                        
00003aa5  _args_main                     
00003879  _c_int00                       
20003a20  _device                        
20003930  _ftable                        
20003b40  _lock                          
00003afb  _nop                           
00003af3  _register_lock                 
00003aed  _register_unlock               
20003a98  _stream                        
20003530  _sys_memory                    
00003437  _system_post_cinit             
00003b51  _system_pre_init               
20003b44  _unlock                        
000038d1  abort                          
00003129  add_device                     
ffffffff  binit                          
20003b15  bumpData1                      
00001985  calloc                         
00003719  close                          
00003921  copy_in                        
00002559  delay                          
000038d9  exit                           
0000338b  fclose                         
00000ed7  ferror                         
00002ff1  fflush                         
00000eb7  fgetc                          
000034a9  finddevice                     
2000352c  flag                           
0000273b  fopen                          
000016cf  free                           
00002711  freopen                        
000034d3  getdevice                      
00000000  interruptVectors               
00000299  main                           
20003b10  main_count                     
20003b5c  main_func_sp                   
00001665  malloc                         
00001899  memalign                       
00003289  memcpy                         
000033c5  memset                         
000015e5  minit                          
2000351c  nc                             
20003520  nl                             
20003524  nr                             
200034d4  oarr                           
20003b14  oldbumpData                    
0000306d  open                           
00000df9  outnibble                      
200034dc  parmbuf                        
0000178f  realloc                        
00003a2d  remove                         
00002ec9  setvbuf                        
00003ad5  strchr                         
00003abd  strcmp                         
00003b01  strcpy                         
00003b15  strlen                         
000039f5  strncpy                        
00002af5  ta3dummy                       
00000ef5  uart_close                     
00000f73  uart_lseek                     
00000ee5  uart_open                      
00000f07  uart_read                      
00000f8f  uart_rename                    
00000f83  uart_unlink                    
00000f31  uart_write                     
00003a2d  unlink                         
00003a59  write                          
20000000  x                              
20001000  x2                             
20002000  x3                             


GLOBAL SYMBOLS: SORTED BY Symbol Address 

address   name                           
-------   ----                           
00000000  __TI_static_base__             
00000000  interruptVectors               
000000e5  SensorRead_ISR                 
00000135  Touch_IRQHandler               
00000147  PeriodMeasure0                 
00000175  PeriodMeasure2                 
000001a3  Obstacle                       
00000200  __STACK_SIZE                   
00000245  RSLK_Reset                     
00000299  main                           
00000400  __SYSMEM_SIZE                  
0000096d  UART0_Init                     
000009b3  UART0_InChar                   
000009c3  UART0_OutChar                  
000009df  UART0_OutString                
000009fd  UART0_InUDec                   
00000a81  UART0_OutUDec                  
00000bed  UART0_OutUDec4                 
00000c41  UART0_OutUDec5                 
00000c7d  UART0_OutUFix1                 
00000ca5  UART0_OutUFix2                 
00000cf1  UART0_InUHex                   
00000db5  UART0_OutUHex                  
00000df9  outnibble                      
00000e21  UART0_OutUHex2                 
00000e3d  UART0_InString                 
00000eb7  fgetc                          
00000ed7  ferror                         
00000ee5  uart_open                      
00000ef5  uart_close                     
00000f07  uart_read                      
00000f31  uart_write                     
00000f73  uart_lseek                     
00000f83  uart_unlink                    
00000f8f  uart_rename                    
00000f9d  UART0_Initprintf               
00001029  EUSCIA0_Init                   
0000108f  EUSCIA0_InChar                 
000010a1  EUSCIA0_OutChar                
000010bb  EUSCIA0_IRQHandler             
000010bb  EUSCIA0_IRQHandler             
000010f1  EUSCIA0_OutString              
0000110f  EUSCIA0_InUDec                 
00001193  EUSCIA0_OutUDec                
00001325  EUSCIA0_OutUDec4               
0000135d  EUSCIA0_OutUDec5               
00001399  EUSCIA0_OutUFix1               
000013c1  EUSCIA0_OutUFix2               
0000140d  EUSCIA0_InUHex                 
000014d5  EUSCIA0_OutUHex                
00001519  EUSCIA0outnibble               
0000153b  EUSCIA0_OutUHex2               
00001559  EUSCIA0_InString               
000015e3  __mpu_init                     
000015e5  minit                          
00001665  malloc                         
000016cf  free                           
0000178f  realloc                        
00001899  memalign                       
00001985  calloc                         
000019b5  SystemCoreClockUpdate          
00001c29  SystemInit                     
00001ce1  Reflectance_Init               
00001cf1  Port5_Init                     
00001d11  Port9_Init                     
00001d31  Port7_Init                     
00001d45  Port7_Output_ChargeCap         
00001d53  Port7_InitToInput              
00001d5b  Reflectance_Read               
00001da9  Reflectance_Center             
00001e0d  Reflectance_Position           
00001f55  Reflectance_Start              
00001f7b  Reflectance_End                
00001fe5  LPF_Init                       
00002043  LPF_Calc                       
00002097  LPF_Init2                      
000020f5  LPF_Calc2                      
00002149  LPF_Init3                      
000021a7  LPF_Calc3                      
0000222d  TxFifo0_Init                   
0000225f  TxFifo0_Put                    
000022b9  TxFifo0_Get                    
000022f7  TxFifo0_Size                   
0000234d  RxFifo0_Init                   
00002359  RxFifo0_Put                    
000023a7  RxFifo0_Get                    
000023e5  RxFifo0_Size                   
0000243d  Clock_Init48MHz                
00002553  Clock_GetFreq                  
00002559  delay                          
00002567  Clock_Delay1us                 
00002591  Clock_Delay1ms                 
000026e5  __TI_cleanup                   
00002711  freopen                        
0000273b  fopen                          
000027e1  Motor_Init                     
00002869  Motor_Stop                     
0000288d  Motor_Forward                  
000028bd  Motor_Right                    
000028f7  Motor_Left                     
00002931  Motor_Backward                 
00002991  ADC0_InitSWTriggerCh12         
000029e1  ADC_In12                       
00002a01  ADC0_InitSWTriggerCh17_12_16   
00002a71  ADC_In17_12_16                 
00002af5  ta3dummy                       
00002b01  TimerA3Capture_Init            
00002b87  TA3_0_IRQHandler               
00002b87  TA3_0_IRQHandler               
00002ba1  TA3_N_IRQHandler               
00002ba1  TA3_N_IRQHandler               
00002bf9  LaunchPad_Init                 
00002c69  LaunchPad_Input                
00002c83  LaunchPad_LED                  
00002ca1  LaunchPad_Output               
00002ced  BumpInt_Init                   
00002d67  Bump_Read                      
00002d9f  PORT4_IRQHandler               
00002d9f  PORT4_IRQHandler               
00002ddd  PWM_Init34                     
00002e61  PWM_Duty3                      
00002e81  PWM_Duty4                      
00002ec9  setvbuf                        
00002fa5  __TI_doflush                   
00002ff1  fflush                         
0000306d  open                           
00003129  add_device                     
000031e1  TimerA1_Init                   
0000323f  TimerA1_Stop                   
00003253  TA1_0_IRQHandler               
00003253  TA1_0_IRQHandler               
00003289  __aeabi_memcpy                 
00003289  __aeabi_memcpy4                
00003289  __aeabi_memcpy8                
00003289  memcpy                         
00003325  __TI_closefile                 
0000338b  fclose                         
000033bd  __aeabi_memclr                 
000033bd  __aeabi_memclr4                
000033bd  __aeabi_memclr8                
000033bf  __aeabi_memset                 
000033bf  __aeabi_memset4                
000033bf  __aeabi_memset8                
000033c5  memset                         
00003437  _system_post_cinit             
00003439  __TI_auto_init                 
000034a9  finddevice                     
000034d3  getdevice                      
00003519  __TI_decompress_lzss           
00003581  HOSTlseek                      
000035e9  HOSTrename                     
00003651  __TI_writemsg                  
0000367f  C$$IO$$                        
00003683  __TI_readmsg                   
000036b9  HOSTopen                       
00003719  close                          
00003775  HOSTread                       
000037cd  HOSTwrite                      
00003825  LeftConvert                    
0000383f  CenterConvert                  
00003859  RightConvert                   
00003879  _c_int00                       
000038cd  C$$EXIT                        
000038d1  abort                          
000038d9  exit                           
00003921  copy_in                        
0000396d  HOSTclose                      
000039b1  HOSTunlink                     
000039f5  strncpy                        
00003a2d  remove                         
00003a2d  unlink                         
00003a59  write                          
00003a81  DisableInterrupts              
00003a87  EnableInterrupts               
00003a8d  StartCritical                  
00003a97  EndCritical                    
00003a9f  WaitForInterrupt               
00003aa5  _args_main                     
00003abd  strcmp                         
00003ad5  strchr                         
00003aed  _register_unlock               
00003af3  _register_lock                 
00003afb  _nop                           
00003b01  strcpy                         
00003b15  strlen                         
00003b29  __TI_decompress_none           
00003b37  Reset_Handler                  
00003b43  ADC14_IRQHandler               
00003b43  AES256_IRQHandler              
00003b43  BusFault_Handler               
00003b43  COMP_E0_IRQHandler             
00003b43  COMP_E1_IRQHandler             
00003b43  CS_IRQHandler                  
00003b43  DMA_ERR_IRQHandler             
00003b43  DMA_INT0_IRQHandler            
00003b43  DMA_INT1_IRQHandler            
00003b43  DMA_INT2_IRQHandler            
00003b43  DMA_INT3_IRQHandler            
00003b43  DebugMon_Handler               
00003b43  Default_Handler                
00003b43  EUSCIA1_IRQHandler             
00003b43  EUSCIA2_IRQHandler             
00003b43  EUSCIA3_IRQHandler             
00003b43  EUSCIB0_IRQHandler             
00003b43  EUSCIB1_IRQHandler             
00003b43  EUSCIB2_IRQHandler             
00003b43  EUSCIB3_IRQHandler             
00003b43  FLCTL_IRQHandler               
00003b43  FPU_IRQHandler                 
00003b43  HardFault_Handler              
00003b43  MemManage_Handler              
00003b43  NMI_Handler                    
00003b43  PCM_IRQHandler                 
00003b43  PORT1_IRQHandler               
00003b43  PORT2_IRQHandler               
00003b43  PORT3_IRQHandler               
00003b43  PORT5_IRQHandler               
00003b43  PORT6_IRQHandler               
00003b43  PSS_IRQHandler                 
00003b43  PendSV_Handler                 
00003b43  RTC_C_IRQHandler               
00003b43  SVC_Handler                    
00003b43  SysTick_Handler                
00003b43  T32_INT1_IRQHandler            
00003b43  T32_INT2_IRQHandler            
00003b43  T32_INTC_IRQHandler            
00003b43  TA0_0_IRQHandler               
00003b43  TA0_N_IRQHandler               
00003b43  TA1_N_IRQHandler               
00003b43  TA2_0_IRQHandler               
00003b43  TA2_N_IRQHandler               
00003b43  UsageFault_Handler             
00003b43  WDT_A_IRQHandler               
00003b45  __TI_zero_init                 
00003b51  _system_pre_init               
00003c00  __TI_Handler_Table_Base        
00003c0c  __TI_Handler_Table_Limit       
00003c18  __TI_CINIT_Base                
00003c28  __TI_CINIT_Limit               
20000000  x                              
20001000  x2                             
20002000  x3                             
20003000  TxHistogram                    
20003200  __CIOBUF_                      
20003320  __TI_tmpnams                   
200033c0  RxFifo0                        
20003442  TxFifo0                        
200034c4  Messageb                       
200034cc  Messagec                       
200034d4  oarr                           
200034dc  parmbuf                        
200034e4  ADCflag                        
200034e8  I1                             
200034ec  I2                             
200034f0  I3                             
200034f4  LPFSum                         
200034f8  LPFSum2                        
200034fc  LPFSum3                        
20003500  Messageindexb                  
20003504  Messageindexc                  
20003508  Port4Task                      
2000350c  Size                           
20003510  Size2                          
20003514  Size3                          
20003518  TimerA1Task                    
2000351c  nc                             
20003520  nl                             
20003524  nr                             
20003528  Period0                        
2000352a  Period2                        
2000352c  flag                           
20003530  _sys_memory                    
20003930  _ftable                        
20003a20  _device                        
20003a98  _stream                        
20003ae8  ClockFrequency                 
20003aec  Prewait                        
20003af0  CPMwait                        
20003af4  Postwait                       
20003af8  IFlags                         
20003afc  Crystalstable                  
20003b00  First0                         
20003b04  Done0                          
20003b08  First2                         
20003b0c  Done2                          
20003b10  main_count                     
20003b14  oldbumpData                    
20003b15  bumpData1                      
20003b18  __TI_ft_end                    
20003b1c  __aeabi_stdin                  
20003b20  __aeabi_stdout                 
20003b24  __aeabi_stderr                 
20003b28  __TI_cleanup_ptr               
20003b2c  __TI_dtors_ptr                 
20003b30  __TI_enable_exit_profile_output
20003b40  _lock                          
20003b44  _unlock                        
20003b48  CaptureTask0                   
20003b4c  CaptureTask2                   
20003b5c  main_func_sp                   
20003b60  SystemCoreClock                
2000fe00  __stack                        
20010000  __STACK_END                    
4000480c  WDTCTL_SYM                     
ffffffff  __TI_pprof_out_hndl            
ffffffff  __TI_prof_data_size            
ffffffff  __TI_prof_data_start           
ffffffff  __binit__                      
ffffffff  __c_args__                     
ffffffff  binit                          
UNDEFED   SHT$$INIT_ARRAY$$Base          
UNDEFED   SHT$$INIT_ARRAY$$Limit         

[312 symbols]
