<?xml version="1.0"?>
<link_info>
   <banner>TI ARM Linker PC v16.9.6.LTS</banner>
   <copyright>Copyright (c) 1996-2017 Texas Instruments Incorporated</copyright>
   <link_time>0x6363577e</link_time>
   <link_errors>0x0</link_errors>
   <output_file>Lab4_ADC_IRSensors.out</output_file>
   <entry_point>
      <name>_c_int00</name>
      <address>0x21c1</address>
   </entry_point>
   <input_file_list>
      <input_file id="fl-2">
         <path>.\</path>
         <kind>object</kind>
         <file>ADC14.obj</file>
         <name>ADC14.obj</name>
      </input_file>
      <input_file id="fl-3">
         <path>.\</path>
         <kind>object</kind>
         <file>Clock.obj</file>
         <name>Clock.obj</name>
      </input_file>
      <input_file id="fl-4">
         <path>.\</path>
         <kind>object</kind>
         <file>CortexM.obj</file>
         <name>CortexM.obj</name>
      </input_file>
      <input_file id="fl-5">
         <path>.\</path>
         <kind>object</kind>
         <file>IRDistance.obj</file>
         <name>IRDistance.obj</name>
      </input_file>
      <input_file id="fl-6">
         <path>.\</path>
         <kind>object</kind>
         <file>LPF.obj</file>
         <name>LPF.obj</name>
      </input_file>
      <input_file id="fl-7">
         <path>.\</path>
         <kind>object</kind>
         <file>Lab4_ADCmain.obj</file>
         <name>Lab4_ADCmain.obj</name>
      </input_file>
      <input_file id="fl-8">
         <path>.\</path>
         <kind>object</kind>
         <file>LaunchPad.obj</file>
         <name>LaunchPad.obj</name>
      </input_file>
      <input_file id="fl-9">
         <path>.\</path>
         <kind>object</kind>
         <file>TimerA1.obj</file>
         <name>TimerA1.obj</name>
      </input_file>
      <input_file id="fl-a">
         <path>.\</path>
         <kind>object</kind>
         <file>UART0.obj</file>
         <name>UART0.obj</name>
      </input_file>
      <input_file id="fl-b">
         <path>.\</path>
         <kind>object</kind>
         <file>startup_msp432p401r_ccs.obj</file>
         <name>startup_msp432p401r_ccs.obj</name>
      </input_file>
      <input_file id="fl-c">
         <path>.\</path>
         <kind>object</kind>
         <file>system_msp432p401r.obj</file>
         <name>system_msp432p401r.obj</name>
      </input_file>
      <input_file id="fl-10">
         <kind>object</kind>
         <file>&lt;internal&gt;</file>
         <name>&lt;internal&gt;</name>
      </input_file>
      <input_file id="fl-c6">
         <path>C:\ti\ccsv7\tools\compiler\ti-cgt-arm_16.9.6.LTS\lib\</path>
         <kind>archive</kind>
         <file>rtsv7M4_T_le_v4SPD16_eabi.lib</file>
         <name>add_device.obj</name>
      </input_file>
      <input_file id="fl-c7">
         <path>C:\ti\ccsv7\tools\compiler\ti-cgt-arm_16.9.6.LTS\lib\</path>
         <kind>archive</kind>
         <file>rtsv7M4_T_le_v4SPD16_eabi.lib</file>
         <name>boot.obj</name>
      </input_file>
      <input_file id="fl-c8">
         <path>C:\ti\ccsv7\tools\compiler\ti-cgt-arm_16.9.6.LTS\lib\</path>
         <kind>archive</kind>
         <file>rtsv7M4_T_le_v4SPD16_eabi.lib</file>
         <name>copy_decompress_lzss.obj</name>
      </input_file>
      <input_file id="fl-c9">
         <path>C:\ti\ccsv7\tools\compiler\ti-cgt-arm_16.9.6.LTS\lib\</path>
         <kind>archive</kind>
         <file>rtsv7M4_T_le_v4SPD16_eabi.lib</file>
         <name>copy_decompress_none.obj</name>
      </input_file>
      <input_file id="fl-ca">
         <path>C:\ti\ccsv7\tools\compiler\ti-cgt-arm_16.9.6.LTS\lib\</path>
         <kind>archive</kind>
         <file>rtsv7M4_T_le_v4SPD16_eabi.lib</file>
         <name>copy_zero_init.obj</name>
      </input_file>
      <input_file id="fl-cb">
         <path>C:\ti\ccsv7\tools\compiler\ti-cgt-arm_16.9.6.LTS\lib\</path>
         <kind>archive</kind>
         <file>rtsv7M4_T_le_v4SPD16_eabi.lib</file>
         <name>defs.obj</name>
      </input_file>
      <input_file id="fl-cc">
         <path>C:\ti\ccsv7\tools\compiler\ti-cgt-arm_16.9.6.LTS\lib\</path>
         <kind>archive</kind>
         <file>rtsv7M4_T_le_v4SPD16_eabi.lib</file>
         <name>exit.obj</name>
      </input_file>
      <input_file id="fl-cd">
         <path>C:\ti\ccsv7\tools\compiler\ti-cgt-arm_16.9.6.LTS\lib\</path>
         <kind>archive</kind>
         <file>rtsv7M4_T_le_v4SPD16_eabi.lib</file>
         <name>fopen.obj</name>
      </input_file>
      <input_file id="fl-ce">
         <path>C:\ti\ccsv7\tools\compiler\ti-cgt-arm_16.9.6.LTS\lib\</path>
         <kind>archive</kind>
         <file>rtsv7M4_T_le_v4SPD16_eabi.lib</file>
         <name>getdevice.obj</name>
      </input_file>
      <input_file id="fl-cf">
         <path>C:\ti\ccsv7\tools\compiler\ti-cgt-arm_16.9.6.LTS\lib\</path>
         <kind>archive</kind>
         <file>rtsv7M4_T_le_v4SPD16_eabi.lib</file>
         <name>memcpy_t2.obj</name>
      </input_file>
      <input_file id="fl-d0">
         <path>C:\ti\ccsv7\tools\compiler\ti-cgt-arm_16.9.6.LTS\lib\</path>
         <kind>archive</kind>
         <file>rtsv7M4_T_le_v4SPD16_eabi.lib</file>
         <name>memset_t2.obj</name>
      </input_file>
      <input_file id="fl-d1">
         <path>C:\ti\ccsv7\tools\compiler\ti-cgt-arm_16.9.6.LTS\lib\</path>
         <kind>archive</kind>
         <file>rtsv7M4_T_le_v4SPD16_eabi.lib</file>
         <name>mpu_init.obj</name>
      </input_file>
      <input_file id="fl-d2">
         <path>C:\ti\ccsv7\tools\compiler\ti-cgt-arm_16.9.6.LTS\lib\</path>
         <kind>archive</kind>
         <file>rtsv7M4_T_le_v4SPD16_eabi.lib</file>
         <name>open.obj</name>
      </input_file>
      <input_file id="fl-d3">
         <path>C:\ti\ccsv7\tools\compiler\ti-cgt-arm_16.9.6.LTS\lib\</path>
         <kind>archive</kind>
         <file>rtsv7M4_T_le_v4SPD16_eabi.lib</file>
         <name>pre_init.obj</name>
      </input_file>
      <input_file id="fl-d4">
         <path>C:\ti\ccsv7\tools\compiler\ti-cgt-arm_16.9.6.LTS\lib\</path>
         <kind>archive</kind>
         <file>rtsv7M4_T_le_v4SPD16_eabi.lib</file>
         <name>setvbuf.obj</name>
      </input_file>
      <input_file id="fl-d5">
         <path>C:\ti\ccsv7\tools\compiler\ti-cgt-arm_16.9.6.LTS\lib\</path>
         <kind>archive</kind>
         <file>rtsv7M4_T_le_v4SPD16_eabi.lib</file>
         <name>stkdepth_vars.obj</name>
      </input_file>
      <input_file id="fl-d6">
         <path>C:\ti\ccsv7\tools\compiler\ti-cgt-arm_16.9.6.LTS\lib\</path>
         <kind>archive</kind>
         <file>rtsv7M4_T_le_v4SPD16_eabi.lib</file>
         <name>strchr.obj</name>
      </input_file>
      <input_file id="fl-d7">
         <path>C:\ti\ccsv7\tools\compiler\ti-cgt-arm_16.9.6.LTS\lib\</path>
         <kind>archive</kind>
         <file>rtsv7M4_T_le_v4SPD16_eabi.lib</file>
         <name>strcmp.obj</name>
      </input_file>
      <input_file id="fl-d8">
         <path>C:\ti\ccsv7\tools\compiler\ti-cgt-arm_16.9.6.LTS\lib\</path>
         <kind>archive</kind>
         <file>rtsv7M4_T_le_v4SPD16_eabi.lib</file>
         <name>strncpy.obj</name>
      </input_file>
      <input_file id="fl-d9">
         <path>C:\ti\ccsv7\tools\compiler\ti-cgt-arm_16.9.6.LTS\lib\</path>
         <kind>archive</kind>
         <file>rtsv7M4_T_le_v4SPD16_eabi.lib</file>
         <name>write.obj</name>
      </input_file>
      <input_file id="fl-da">
         <path>C:\ti\ccsv7\tools\compiler\ti-cgt-arm_16.9.6.LTS\lib\</path>
         <kind>archive</kind>
         <file>rtsv7M4_T_le_v4SPD16_eabi.lib</file>
         <name>_lock.obj</name>
      </input_file>
      <input_file id="fl-db">
         <path>C:\ti\ccsv7\tools\compiler\ti-cgt-arm_16.9.6.LTS\lib\</path>
         <kind>archive</kind>
         <file>rtsv7M4_T_le_v4SPD16_eabi.lib</file>
         <name>args_main.obj</name>
      </input_file>
      <input_file id="fl-dc">
         <path>C:\ti\ccsv7\tools\compiler\ti-cgt-arm_16.9.6.LTS\lib\</path>
         <kind>archive</kind>
         <file>rtsv7M4_T_le_v4SPD16_eabi.lib</file>
         <name>autoinit.obj</name>
      </input_file>
      <input_file id="fl-dd">
         <path>C:\ti\ccsv7\tools\compiler\ti-cgt-arm_16.9.6.LTS\lib\</path>
         <kind>archive</kind>
         <file>rtsv7M4_T_le_v4SPD16_eabi.lib</file>
         <name>cpy_tbl.obj</name>
      </input_file>
      <input_file id="fl-de">
         <path>C:\ti\ccsv7\tools\compiler\ti-cgt-arm_16.9.6.LTS\lib\</path>
         <kind>archive</kind>
         <file>rtsv7M4_T_le_v4SPD16_eabi.lib</file>
         <name>fclose.obj</name>
      </input_file>
      <input_file id="fl-df">
         <path>C:\ti\ccsv7\tools\compiler\ti-cgt-arm_16.9.6.LTS\lib\</path>
         <kind>archive</kind>
         <file>rtsv7M4_T_le_v4SPD16_eabi.lib</file>
         <name>fflush.obj</name>
      </input_file>
      <input_file id="fl-e0">
         <path>C:\ti\ccsv7\tools\compiler\ti-cgt-arm_16.9.6.LTS\lib\</path>
         <kind>archive</kind>
         <file>rtsv7M4_T_le_v4SPD16_eabi.lib</file>
         <name>hostclose.obj</name>
      </input_file>
      <input_file id="fl-e1">
         <path>C:\ti\ccsv7\tools\compiler\ti-cgt-arm_16.9.6.LTS\lib\</path>
         <kind>archive</kind>
         <file>rtsv7M4_T_le_v4SPD16_eabi.lib</file>
         <name>hostlseek.obj</name>
      </input_file>
      <input_file id="fl-e2">
         <path>C:\ti\ccsv7\tools\compiler\ti-cgt-arm_16.9.6.LTS\lib\</path>
         <kind>archive</kind>
         <file>rtsv7M4_T_le_v4SPD16_eabi.lib</file>
         <name>hostopen.obj</name>
      </input_file>
      <input_file id="fl-e3">
         <path>C:\ti\ccsv7\tools\compiler\ti-cgt-arm_16.9.6.LTS\lib\</path>
         <kind>archive</kind>
         <file>rtsv7M4_T_le_v4SPD16_eabi.lib</file>
         <name>hostread.obj</name>
      </input_file>
      <input_file id="fl-e4">
         <path>C:\ti\ccsv7\tools\compiler\ti-cgt-arm_16.9.6.LTS\lib\</path>
         <kind>archive</kind>
         <file>rtsv7M4_T_le_v4SPD16_eabi.lib</file>
         <name>hostrename.obj</name>
      </input_file>
      <input_file id="fl-e5">
         <path>C:\ti\ccsv7\tools\compiler\ti-cgt-arm_16.9.6.LTS\lib\</path>
         <kind>archive</kind>
         <file>rtsv7M4_T_le_v4SPD16_eabi.lib</file>
         <name>hostunlink.obj</name>
      </input_file>
      <input_file id="fl-e6">
         <path>C:\ti\ccsv7\tools\compiler\ti-cgt-arm_16.9.6.LTS\lib\</path>
         <kind>archive</kind>
         <file>rtsv7M4_T_le_v4SPD16_eabi.lib</file>
         <name>hostwrite.obj</name>
      </input_file>
      <input_file id="fl-e7">
         <path>C:\ti\ccsv7\tools\compiler\ti-cgt-arm_16.9.6.LTS\lib\</path>
         <kind>archive</kind>
         <file>rtsv7M4_T_le_v4SPD16_eabi.lib</file>
         <name>memory.obj</name>
      </input_file>
      <input_file id="fl-e8">
         <path>C:\ti\ccsv7\tools\compiler\ti-cgt-arm_16.9.6.LTS\lib\</path>
         <kind>archive</kind>
         <file>rtsv7M4_T_le_v4SPD16_eabi.lib</file>
         <name>remove.obj</name>
      </input_file>
      <input_file id="fl-e9">
         <path>C:\ti\ccsv7\tools\compiler\ti-cgt-arm_16.9.6.LTS\lib\</path>
         <kind>archive</kind>
         <file>rtsv7M4_T_le_v4SPD16_eabi.lib</file>
         <name>startup.obj</name>
      </input_file>
      <input_file id="fl-ea">
         <path>C:\ti\ccsv7\tools\compiler\ti-cgt-arm_16.9.6.LTS\lib\</path>
         <kind>archive</kind>
         <file>rtsv7M4_T_le_v4SPD16_eabi.lib</file>
         <name>strcpy.obj</name>
      </input_file>
      <input_file id="fl-eb">
         <path>C:\ti\ccsv7\tools\compiler\ti-cgt-arm_16.9.6.LTS\lib\</path>
         <kind>archive</kind>
         <file>rtsv7M4_T_le_v4SPD16_eabi.lib</file>
         <name>strlen.obj</name>
      </input_file>
      <input_file id="fl-ec">
         <path>C:\ti\ccsv7\tools\compiler\ti-cgt-arm_16.9.6.LTS\lib\</path>
         <kind>archive</kind>
         <file>rtsv7M4_T_le_v4SPD16_eabi.lib</file>
         <name>trgmsg.obj</name>
      </input_file>
      <input_file id="fl-ed">
         <path>C:\ti\ccsv7\tools\compiler\ti-cgt-arm_16.9.6.LTS\lib\</path>
         <kind>archive</kind>
         <file>rtsv7M4_T_le_v4SPD16_eabi.lib</file>
         <name>unlink.obj</name>
      </input_file>
      <input_file id="fl-ee">
         <path>C:\ti\ccsv7\tools\compiler\ti-cgt-arm_16.9.6.LTS\lib\</path>
         <kind>archive</kind>
         <file>rtsv7M4_T_le_v4SPD16_eabi.lib</file>
         <name>close.obj</name>
      </input_file>
   </input_file_list>
   <object_component_list>
      <object_component id="oc-2c">
         <name>.intvecs:retain</name>
         <load_address>0x0</load_address>
         <run_address>0x0</run_address>
         <size>0xe4</size>
         <input_file_ref idref="fl-b"/>
      </object_component>
      <object_component id="oc-105">
         <name>.text</name>
         <load_address>0xe4</load_address>
         <run_address>0xe4</run_address>
         <size>0x6bc</size>
         <input_file_ref idref="fl-a"/>
      </object_component>
      <object_component id="oc-1c4">
         <name>.text</name>
         <load_address>0x7a0</load_address>
         <run_address>0x7a0</run_address>
         <size>0x3d0</size>
         <input_file_ref idref="fl-e7"/>
      </object_component>
      <object_component id="oc-c4">
         <name>.text</name>
         <load_address>0xb70</load_address>
         <run_address>0xb70</run_address>
         <size>0x32c</size>
         <input_file_ref idref="fl-c"/>
      </object_component>
      <object_component id="oc-f9">
         <name>.text</name>
         <load_address>0xe9c</load_address>
         <run_address>0xe9c</run_address>
         <size>0x248</size>
         <input_file_ref idref="fl-6"/>
      </object_component>
      <object_component id="oc-ff">
         <name>.text</name>
         <load_address>0x10e4</load_address>
         <run_address>0x10e4</run_address>
         <size>0x1e0</size>
         <input_file_ref idref="fl-3"/>
      </object_component>
      <object_component id="oc-174">
         <name>.text</name>
         <load_address>0x12c4</load_address>
         <run_address>0x12c4</run_address>
         <size>0x1c4</size>
         <input_file_ref idref="fl-cd"/>
      </object_component>
      <object_component id="oc-b1">
         <name>.text</name>
         <load_address>0x1488</load_address>
         <run_address>0x1488</run_address>
         <size>0x184</size>
         <input_file_ref idref="fl-7"/>
      </object_component>
      <object_component id="oc-f3">
         <name>.text</name>
         <load_address>0x160c</load_address>
         <run_address>0x160c</run_address>
         <size>0x164</size>
         <input_file_ref idref="fl-2"/>
      </object_component>
      <object_component id="oc-10b">
         <name>.text</name>
         <load_address>0x1770</load_address>
         <run_address>0x1770</run_address>
         <size>0xf4</size>
         <input_file_ref idref="fl-8"/>
      </object_component>
      <object_component id="oc-17a">
         <name>.text</name>
         <load_address>0x1864</load_address>
         <run_address>0x1864</run_address>
         <size>0xdc</size>
         <input_file_ref idref="fl-d4"/>
      </object_component>
      <object_component id="oc-225">
         <name>.text</name>
         <load_address>0x1940</load_address>
         <run_address>0x1940</run_address>
         <size>0xc8</size>
         <input_file_ref idref="fl-df"/>
      </object_component>
      <object_component id="oc-1b2">
         <name>.text</name>
         <load_address>0x1a08</load_address>
         <run_address>0x1a08</run_address>
         <size>0xbc</size>
         <input_file_ref idref="fl-d2"/>
      </object_component>
      <object_component id="oc-16e">
         <name>.text</name>
         <load_address>0x1ac4</load_address>
         <run_address>0x1ac4</run_address>
         <size>0xb8</size>
         <input_file_ref idref="fl-c6"/>
      </object_component>
      <object_component id="oc-7e">
         <name>.text</name>
         <load_address>0x1b7c</load_address>
         <run_address>0x1b7c</run_address>
         <size>0xa8</size>
         <input_file_ref idref="fl-9"/>
      </object_component>
      <object_component id="oc-3e">
         <name>.text</name>
         <load_address>0x1c24</load_address>
         <run_address>0x1c24</run_address>
         <size>0x9c</size>
         <input_file_ref idref="fl-cf"/>
      </object_component>
      <object_component id="oc-1b8">
         <name>.text</name>
         <load_address>0x1cc0</load_address>
         <run_address>0x1cc0</run_address>
         <size>0x98</size>
         <input_file_ref idref="fl-de"/>
      </object_component>
      <object_component id="oc-4a">
         <name>.text</name>
         <load_address>0x1d58</load_address>
         <run_address>0x1d58</run_address>
         <size>0x7a</size>
         <input_file_ref idref="fl-d0"/>
      </object_component>
      <object_component id="oc-56">
         <name>.text</name>
         <load_address>0x1dd2</load_address>
         <run_address>0x1dd2</run_address>
         <size>0x2</size>
         <input_file_ref idref="fl-d1"/>
      </object_component>
      <object_component id="oc-62">
         <name>.text</name>
         <load_address>0x1dd4</load_address>
         <run_address>0x1dd4</run_address>
         <size>0x70</size>
         <input_file_ref idref="fl-dc"/>
      </object_component>
      <object_component id="oc-1a0">
         <name>.text</name>
         <load_address>0x1e44</load_address>
         <run_address>0x1e44</run_address>
         <size>0x70</size>
         <input_file_ref idref="fl-ce"/>
      </object_component>
      <object_component id="oc-14">
         <name>.text:decompress:lzss</name>
         <load_address>0x1eb4</load_address>
         <run_address>0x1eb4</run_address>
         <size>0x68</size>
         <input_file_ref idref="fl-c8"/>
      </object_component>
      <object_component id="oc-1fe">
         <name>.text</name>
         <load_address>0x1f1c</load_address>
         <run_address>0x1f1c</run_address>
         <size>0x68</size>
         <input_file_ref idref="fl-e1"/>
      </object_component>
      <object_component id="oc-20a">
         <name>.text</name>
         <load_address>0x1f84</load_address>
         <run_address>0x1f84</run_address>
         <size>0x68</size>
         <input_file_ref idref="fl-e4"/>
      </object_component>
      <object_component id="oc-25b">
         <name>.text</name>
         <load_address>0x1fec</load_address>
         <run_address>0x1fec</run_address>
         <size>0x68</size>
         <input_file_ref idref="fl-ec"/>
      </object_component>
      <object_component id="oc-1e6">
         <name>.text</name>
         <load_address>0x2054</load_address>
         <run_address>0x2054</run_address>
         <size>0x60</size>
         <input_file_ref idref="fl-e2"/>
      </object_component>
      <object_component id="oc-22b">
         <name>.text</name>
         <load_address>0x20b4</load_address>
         <run_address>0x20b4</run_address>
         <size>0x5c</size>
         <input_file_ref idref="fl-ee"/>
      </object_component>
      <object_component id="oc-1f2">
         <name>.text</name>
         <load_address>0x2110</load_address>
         <run_address>0x2110</run_address>
         <size>0x58</size>
         <input_file_ref idref="fl-e3"/>
      </object_component>
      <object_component id="oc-1f8">
         <name>.text</name>
         <load_address>0x2168</load_address>
         <run_address>0x2168</run_address>
         <size>0x58</size>
         <input_file_ref idref="fl-e6"/>
      </object_component>
      <object_component id="oc-26">
         <name>.text</name>
         <load_address>0x21c0</load_address>
         <run_address>0x21c0</run_address>
         <size>0x54</size>
         <input_file_ref idref="fl-c7"/>
      </object_component>
      <object_component id="oc-6e">
         <name>.text</name>
         <load_address>0x2214</load_address>
         <run_address>0x2214</run_address>
         <size>0x54</size>
         <input_file_ref idref="fl-cc"/>
      </object_component>
      <object_component id="oc-a3">
         <name>.text</name>
         <load_address>0x2268</load_address>
         <run_address>0x2268</run_address>
         <size>0x4c</size>
         <input_file_ref idref="fl-dd"/>
      </object_component>
      <object_component id="oc-117">
         <name>.text</name>
         <load_address>0x22b4</load_address>
         <run_address>0x22b4</run_address>
         <size>0x48</size>
         <input_file_ref idref="fl-5"/>
      </object_component>
      <object_component id="oc-1ec">
         <name>.text</name>
         <load_address>0x22fc</load_address>
         <run_address>0x22fc</run_address>
         <size>0x44</size>
         <input_file_ref idref="fl-e0"/>
      </object_component>
      <object_component id="oc-204">
         <name>.text</name>
         <load_address>0x2340</load_address>
         <run_address>0x2340</run_address>
         <size>0x44</size>
         <input_file_ref idref="fl-e5"/>
      </object_component>
      <object_component id="oc-1a6">
         <name>.text</name>
         <load_address>0x2384</load_address>
         <run_address>0x2384</run_address>
         <size>0x36</size>
         <input_file_ref idref="fl-d8"/>
      </object_component>
      <object_component id="oc-a9">
         <name>.text</name>
         <load_address>0x23ba</load_address>
         <run_address>0x23ba</run_address>
         <size>0x2</size>
         <input_file_ref idref="fl-e9"/>
      </object_component>
      <object_component id="oc-231">
         <name>.text</name>
         <load_address>0x23bc</load_address>
         <run_address>0x23bc</run_address>
         <size>0x2c</size>
         <input_file_ref idref="fl-ed"/>
      </object_component>
      <object_component id="oc-282">
         <name>.text</name>
         <load_address>0x23e8</load_address>
         <run_address>0x23e8</run_address>
         <size>0x28</size>
         <input_file_ref idref="fl-d9"/>
      </object_component>
      <object_component id="oc-111">
         <name>.text</name>
         <load_address>0x2410</load_address>
         <run_address>0x2410</run_address>
         <size>0x24</size>
         <input_file_ref idref="fl-4"/>
      </object_component>
      <object_component id="oc-68">
         <name>.text</name>
         <load_address>0x2434</load_address>
         <run_address>0x2434</run_address>
         <size>0x18</size>
         <input_file_ref idref="fl-db"/>
      </object_component>
      <object_component id="oc-1d6">
         <name>.text</name>
         <load_address>0x244c</load_address>
         <run_address>0x244c</run_address>
         <size>0x18</size>
         <input_file_ref idref="fl-d7"/>
      </object_component>
      <object_component id="oc-1dc">
         <name>.text</name>
         <load_address>0x2464</load_address>
         <run_address>0x2464</run_address>
         <size>0x16</size>
         <input_file_ref idref="fl-d6"/>
      </object_component>
      <object_component id="oc-12d">
         <name>.text</name>
         <load_address>0x247c</load_address>
         <run_address>0x247c</run_address>
         <size>0x14</size>
         <input_file_ref idref="fl-da"/>
      </object_component>
      <object_component id="oc-26f">
         <name>.text</name>
         <load_address>0x2490</load_address>
         <run_address>0x2490</run_address>
         <size>0x14</size>
         <input_file_ref idref="fl-ea"/>
      </object_component>
      <object_component id="oc-255">
         <name>.text</name>
         <load_address>0x24a4</load_address>
         <run_address>0x24a4</run_address>
         <size>0x14</size>
         <input_file_ref idref="fl-eb"/>
      </object_component>
      <object_component id="oc-1a">
         <name>.text:decompress:none</name>
         <load_address>0x24b8</load_address>
         <run_address>0x24b8</run_address>
         <size>0xe</size>
         <input_file_ref idref="fl-c9"/>
      </object_component>
      <object_component id="oc-78">
         <name>.text</name>
         <load_address>0x24c6</load_address>
         <run_address>0x24c6</run_address>
         <size>0xe</size>
         <input_file_ref idref="fl-b"/>
      </object_component>
      <object_component id="oc-20">
         <name>.text:decompress:ZI</name>
         <load_address>0x24d4</load_address>
         <run_address>0x24d4</run_address>
         <size>0xc</size>
         <input_file_ref idref="fl-ca"/>
      </object_component>
      <object_component id="oc-5c">
         <name>.text</name>
         <load_address>0x24e0</load_address>
         <run_address>0x24e0</run_address>
         <size>0x4</size>
         <input_file_ref idref="fl-d3"/>
      </object_component>
      <object_component id="oc-2e3">
         <name>.cinit..data.load</name>
         <load_address>0x24e8</load_address>
         <run_address>0x24e8</run_address>
         <size>0x79</size>
      </object_component>
      <object_component id="oc-2e1">
         <name>__TI_handler_table</name>
         <load_address>0x2564</load_address>
         <run_address>0x2564</run_address>
         <size>0xc</size>
      </object_component>
      <object_component id="oc-2e4">
         <name>.cinit..bss.load</name>
         <load_address>0x2570</load_address>
         <run_address>0x2570</run_address>
         <size>0x8</size>
      </object_component>
      <object_component id="oc-2e2">
         <name>__TI_cinit_table</name>
         <load_address>0x2578</load_address>
         <run_address>0x2578</run_address>
         <size>0x10</size>
      </object_component>
      <object_component id="oc-2be">
         <name>.binit</name>
         <load_address>0x0</load_address>
         <run_address>0x0</run_address>
         <size>0x0</size>
      </object_component>
      <object_component id="oc-166">
         <name>.data</name>
         <load_address>0x200037c8</load_address>
         <run_address>0x200037c8</run_address>
         <size>0x18</size>
         <input_file_ref idref="fl-3"/>
      </object_component>
      <object_component id="oc-139">
         <name>.data</name>
         <load_address>0x20003820</load_address>
         <run_address>0x20003820</run_address>
         <size>0x4</size>
         <input_file_ref idref="fl-c"/>
      </object_component>
      <object_component id="oc-1ac">
         <name>.data</name>
         <load_address>0x20003810</load_address>
         <run_address>0x20003810</run_address>
         <size>0x4</size>
         <input_file_ref idref="fl-c6"/>
      </object_component>
      <object_component id="oc-180">
         <name>.data:_ftable</name>
         <load_address>0x20003610</load_address>
         <run_address>0x20003610</run_address>
         <size>0xf0</size>
         <input_file_ref idref="fl-cb"/>
      </object_component>
      <object_component id="oc-1be">
         <name>.data</name>
         <load_address>0x200037e0</load_address>
         <run_address>0x200037e0</run_address>
         <size>0x10</size>
         <input_file_ref idref="fl-cb"/>
      </object_component>
      <object_component id="oc-b9">
         <name>.data:$O1$$</name>
         <load_address>0x200037f0</load_address>
         <run_address>0x200037f0</run_address>
         <size>0xc</size>
         <input_file_ref idref="fl-cc"/>
      </object_component>
      <object_component id="oc-1c1">
         <name>.data</name>
         <load_address>0x20003814</load_address>
         <run_address>0x20003814</run_address>
         <size>0x4</size>
         <input_file_ref idref="fl-cd"/>
      </object_component>
      <object_component id="oc-21f">
         <name>.data</name>
         <load_address>0x20003818</load_address>
         <run_address>0x20003818</run_address>
         <size>0x4</size>
         <input_file_ref idref="fl-d2"/>
      </object_component>
      <object_component id="oc-74">
         <name>.data</name>
         <load_address>0x2000381c</load_address>
         <run_address>0x2000381c</run_address>
         <size>0x4</size>
         <input_file_ref idref="fl-d5"/>
      </object_component>
      <object_component id="oc-1ad">
         <name>.data:_device</name>
         <load_address>0x20003700</load_address>
         <run_address>0x20003700</run_address>
         <size>0x78</size>
         <input_file_ref idref="fl-d9"/>
      </object_component>
      <object_component id="oc-220">
         <name>.data:_stream</name>
         <load_address>0x20003778</load_address>
         <run_address>0x20003778</run_address>
         <size>0x50</size>
         <input_file_ref idref="fl-d9"/>
      </object_component>
      <object_component id="oc-bc">
         <name>.data:$O1$$</name>
         <load_address>0x20003808</load_address>
         <run_address>0x20003808</run_address>
         <size>0x8</size>
         <input_file_ref idref="fl-da"/>
      </object_component>
      <object_component id="oc-243">
         <name>.data:$O1$$</name>
         <load_address>0x200037fc</load_address>
         <run_address>0x200037fc</run_address>
         <size>0xc</size>
         <input_file_ref idref="fl-e7"/>
      </object_component>
      <object_component id="oc-298">
         <name>.bss:_CIOBUF_</name>
         <uninitialized>true</uninitialized>
         <run_address>0x20003000</run_address>
         <size>0x120</size>
         <input_file_ref idref="fl-ec"/>
      </object_component>
      <object_component id="oc-157">
         <name>.common:Size</name>
         <uninitialized>true</uninitialized>
         <run_address>0x200031f0</run_address>
         <size>0x4</size>
      </object_component>
      <object_component id="oc-15c">
         <name>.common:x</name>
         <uninitialized>true</uninitialized>
         <run_address>0x20000000</run_address>
         <size>0x1000</size>
      </object_component>
      <object_component id="oc-15a">
         <name>.common:I1</name>
         <uninitialized>true</uninitialized>
         <run_address>0x200031d4</run_address>
         <size>0x4</size>
      </object_component>
      <object_component id="oc-15b">
         <name>.common:LPFSum</name>
         <uninitialized>true</uninitialized>
         <run_address>0x200031e0</run_address>
         <size>0x4</size>
      </object_component>
      <object_component id="oc-15d">
         <name>.common:Size2</name>
         <uninitialized>true</uninitialized>
         <run_address>0x200031f4</run_address>
         <size>0x4</size>
      </object_component>
      <object_component id="oc-160">
         <name>.common:x2</name>
         <uninitialized>true</uninitialized>
         <run_address>0x20001000</run_address>
         <size>0x1000</size>
      </object_component>
      <object_component id="oc-15e">
         <name>.common:I2</name>
         <uninitialized>true</uninitialized>
         <run_address>0x200031d8</run_address>
         <size>0x4</size>
      </object_component>
      <object_component id="oc-15f">
         <name>.common:LPFSum2</name>
         <uninitialized>true</uninitialized>
         <run_address>0x200031e4</run_address>
         <size>0x4</size>
      </object_component>
      <object_component id="oc-161">
         <name>.common:Size3</name>
         <uninitialized>true</uninitialized>
         <run_address>0x200031f8</run_address>
         <size>0x4</size>
      </object_component>
      <object_component id="oc-164">
         <name>.common:x3</name>
         <uninitialized>true</uninitialized>
         <run_address>0x20002000</run_address>
         <size>0x1000</size>
      </object_component>
      <object_component id="oc-162">
         <name>.common:I3</name>
         <uninitialized>true</uninitialized>
         <run_address>0x200031dc</run_address>
         <size>0x4</size>
      </object_component>
      <object_component id="oc-163">
         <name>.common:LPFSum3</name>
         <uninitialized>true</uninitialized>
         <run_address>0x200031e8</run_address>
         <size>0x4</size>
      </object_component>
      <object_component id="oc-122">
         <name>.common:ADCflag</name>
         <uninitialized>true</uninitialized>
         <run_address>0x200031d0</run_address>
         <size>0x4</size>
      </object_component>
      <object_component id="oc-11d">
         <name>.common:nr</name>
         <uninitialized>true</uninitialized>
         <run_address>0x20003208</run_address>
         <size>0x4</size>
      </object_component>
      <object_component id="oc-120">
         <name>.common:nc</name>
         <uninitialized>true</uninitialized>
         <run_address>0x20003200</run_address>
         <size>0x4</size>
      </object_component>
      <object_component id="oc-121">
         <name>.common:nl</name>
         <uninitialized>true</uninitialized>
         <run_address>0x20003204</run_address>
         <size>0x4</size>
      </object_component>
      <object_component id="oc-cb">
         <name>.common:TimerA1Task</name>
         <uninitialized>true</uninitialized>
         <run_address>0x200031fc</run_address>
         <size>0x4</size>
      </object_component>
      <object_component id="oc-16d">
         <name>.common:Messageindexb</name>
         <uninitialized>true</uninitialized>
         <run_address>0x200031ec</run_address>
         <size>0x4</size>
      </object_component>
      <object_component id="oc-16a">
         <name>.common:Messageb</name>
         <uninitialized>true</uninitialized>
         <run_address>0x200031c0</run_address>
         <size>0x8</size>
      </object_component>
      <object_component id="oc-237">
         <name>.common:__TI_tmpnams</name>
         <uninitialized>true</uninitialized>
         <run_address>0x20003120</run_address>
         <size>0xa0</size>
      </object_component>
      <object_component id="oc-261">
         <name>.common:parmbuf</name>
         <uninitialized>true</uninitialized>
         <run_address>0x200031c8</run_address>
         <size>0x8</size>
      </object_component>
      <object_component id="oc-30">
         <name>.sysmem</name>
         <uninitialized>true</uninitialized>
         <run_address>0x20003210</run_address>
         <size>0x8</size>
         <input_file_ref idref="fl-e7"/>
      </object_component>
      <object_component id="oc-2e6">
         <name>.sysmem</name>
         <uninitialized>true</uninitialized>
         <run_address>0x20003210</run_address>
         <size>0x0</size>
      </object_component>
      <object_component id="oc-2f">
         <name>.stack</name>
         <uninitialized>true</uninitialized>
         <run_address>0x2000fe00</run_address>
         <size>0x0</size>
         <input_file_ref idref="fl-c7"/>
      </object_component>
      <object_component id="oc-2e5">
         <name>.stack</name>
         <uninitialized>true</uninitialized>
         <run_address>0x2000fe00</run_address>
         <size>0x0</size>
      </object_component>
      <object_component id="oc-156">
         <name>.debug_info</name>
         <load_address>0x0</load_address>
         <run_address>0x0</run_address>
         <size>0x516</size>
         <input_file_ref idref="fl-2"/>
      </object_component>
      <object_component id="oc-f4">
         <name>.debug_info</name>
         <load_address>0x516</load_address>
         <run_address>0x516</run_address>
         <size>0x2db</size>
         <input_file_ref idref="fl-2"/>
      </object_component>
      <object_component id="oc-13f">
         <name>.debug_info</name>
         <load_address>0x7f1</load_address>
         <run_address>0x7f1</run_address>
         <size>0x37e2</size>
         <input_file_ref idref="fl-2"/>
      </object_component>
      <object_component id="oc-144">
         <name>.debug_info</name>
         <load_address>0x3fd3</load_address>
         <run_address>0x3fd3</run_address>
         <size>0x1055</size>
         <input_file_ref idref="fl-2"/>
      </object_component>
      <object_component id="oc-39">
         <name>.debug_info</name>
         <load_address>0x5028</load_address>
         <run_address>0x5028</run_address>
         <size>0x84</size>
         <input_file_ref idref="fl-2"/>
      </object_component>
      <object_component id="oc-cf">
         <name>.debug_info</name>
         <load_address>0x50ac</load_address>
         <run_address>0x50ac</run_address>
         <size>0x18b</size>
         <input_file_ref idref="fl-2"/>
      </object_component>
      <object_component id="oc-167">
         <name>.debug_info</name>
         <load_address>0x5237</load_address>
         <run_address>0x5237</run_address>
         <size>0x17e</size>
         <input_file_ref idref="fl-3"/>
      </object_component>
      <object_component id="oc-101">
         <name>.debug_info</name>
         <load_address>0x53b5</load_address>
         <run_address>0x53b5</run_address>
         <size>0x310</size>
         <input_file_ref idref="fl-3"/>
      </object_component>
      <object_component id="oc-113">
         <name>.debug_info</name>
         <load_address>0x56c5</load_address>
         <run_address>0x56c5</run_address>
         <size>0x2d1</size>
         <input_file_ref idref="fl-4"/>
      </object_component>
      <object_component id="oc-1d5">
         <name>.debug_info</name>
         <load_address>0x5996</load_address>
         <run_address>0x5996</run_address>
         <size>0x570</size>
         <input_file_ref idref="fl-5"/>
      </object_component>
      <object_component id="oc-119">
         <name>.debug_info</name>
         <load_address>0x5f06</load_address>
         <run_address>0x5f06</run_address>
         <size>0x29d</size>
         <input_file_ref idref="fl-5"/>
      </object_component>
      <object_component id="oc-19b">
         <name>.debug_info</name>
         <load_address>0x61a3</load_address>
         <run_address>0x61a3</run_address>
         <size>0xc8</size>
         <input_file_ref idref="fl-5"/>
      </object_component>
      <object_component id="oc-158">
         <name>.debug_info</name>
         <load_address>0x626b</load_address>
         <run_address>0x626b</run_address>
         <size>0x68d</size>
         <input_file_ref idref="fl-6"/>
      </object_component>
      <object_component id="oc-fb">
         <name>.debug_info</name>
         <load_address>0x68f8</load_address>
         <run_address>0x68f8</run_address>
         <size>0x475</size>
         <input_file_ref idref="fl-6"/>
      </object_component>
      <object_component id="oc-11e">
         <name>.debug_info</name>
         <load_address>0x6d6d</load_address>
         <run_address>0x6d6d</run_address>
         <size>0x8ab</size>
         <input_file_ref idref="fl-7"/>
      </object_component>
      <object_component id="oc-b3">
         <name>.debug_info</name>
         <load_address>0x7618</load_address>
         <run_address>0x7618</run_address>
         <size>0x3c7</size>
         <input_file_ref idref="fl-7"/>
      </object_component>
      <object_component id="oc-10f">
         <name>.debug_info</name>
         <load_address>0x79df</load_address>
         <run_address>0x79df</run_address>
         <size>0x2c0</size>
         <input_file_ref idref="fl-8"/>
      </object_component>
      <object_component id="oc-cc">
         <name>.debug_info</name>
         <load_address>0x7c9f</load_address>
         <run_address>0x7c9f</run_address>
         <size>0x541</size>
         <input_file_ref idref="fl-9"/>
      </object_component>
      <object_component id="oc-81">
         <name>.debug_info</name>
         <load_address>0x81e0</load_address>
         <run_address>0x81e0</run_address>
         <size>0x246</size>
         <input_file_ref idref="fl-9"/>
      </object_component>
      <object_component id="oc-16b">
         <name>.debug_info</name>
         <load_address>0x8426</load_address>
         <run_address>0x8426</run_address>
         <size>0x754</size>
         <input_file_ref idref="fl-a"/>
      </object_component>
      <object_component id="oc-107">
         <name>.debug_info</name>
         <load_address>0x8b7a</load_address>
         <run_address>0x8b7a</run_address>
         <size>0x1542</size>
         <input_file_ref idref="fl-a"/>
      </object_component>
      <object_component id="oc-184">
         <name>.debug_info</name>
         <load_address>0xa0bc</load_address>
         <run_address>0xa0bc</run_address>
         <size>0x2c</size>
         <input_file_ref idref="fl-a"/>
      </object_component>
      <object_component id="oc-86">
         <name>.debug_info</name>
         <load_address>0xa0e8</load_address>
         <run_address>0xa0e8</run_address>
         <size>0x2a4</size>
         <input_file_ref idref="fl-b"/>
      </object_component>
      <object_component id="oc-2d">
         <name>.debug_info</name>
         <load_address>0xa38c</load_address>
         <run_address>0xa38c</run_address>
         <size>0xe2</size>
         <input_file_ref idref="fl-b"/>
      </object_component>
      <object_component id="oc-7b">
         <name>.debug_info</name>
         <load_address>0xa46e</load_address>
         <run_address>0xa46e</run_address>
         <size>0x1a9</size>
         <input_file_ref idref="fl-b"/>
      </object_component>
      <object_component id="oc-13a">
         <name>.debug_info</name>
         <load_address>0xa617</load_address>
         <run_address>0xa617</run_address>
         <size>0xdb</size>
         <input_file_ref idref="fl-c"/>
      </object_component>
      <object_component id="oc-c8">
         <name>.debug_info</name>
         <load_address>0xa6f2</load_address>
         <run_address>0xa6f2</run_address>
         <size>0x24d</size>
         <input_file_ref idref="fl-c"/>
      </object_component>
      <object_component id="oc-1b1">
         <name>.debug_info</name>
         <load_address>0xa93f</load_address>
         <run_address>0xa93f</run_address>
         <size>0x430</size>
         <input_file_ref idref="fl-c6"/>
      </object_component>
      <object_component id="oc-16f">
         <name>.debug_info</name>
         <load_address>0xad6f</load_address>
         <run_address>0xad6f</run_address>
         <size>0x2d0</size>
         <input_file_ref idref="fl-c6"/>
      </object_component>
      <object_component id="oc-21a">
         <name>.debug_info</name>
         <load_address>0xb03f</load_address>
         <run_address>0xb03f</run_address>
         <size>0xea</size>
         <input_file_ref idref="fl-c6"/>
      </object_component>
      <object_component id="oc-215">
         <name>.debug_info</name>
         <load_address>0xb129</load_address>
         <run_address>0xb129</run_address>
         <size>0x2c</size>
         <input_file_ref idref="fl-c6"/>
      </object_component>
      <object_component id="oc-28">
         <name>.debug_info</name>
         <load_address>0xb155</load_address>
         <run_address>0xb155</run_address>
         <size>0x160</size>
         <input_file_ref idref="fl-c7"/>
      </object_component>
      <object_component id="oc-90">
         <name>.debug_info</name>
         <load_address>0xb2b5</load_address>
         <run_address>0xb2b5</run_address>
         <size>0x293</size>
         <input_file_ref idref="fl-c8"/>
      </object_component>
      <object_component id="oc-16">
         <name>.debug_info</name>
         <load_address>0xb548</load_address>
         <run_address>0xb548</run_address>
         <size>0x245</size>
         <input_file_ref idref="fl-c8"/>
      </object_component>
      <object_component id="oc-34">
         <name>.debug_info</name>
         <load_address>0xb78d</load_address>
         <run_address>0xb78d</run_address>
         <size>0x60</size>
         <input_file_ref idref="fl-c8"/>
      </object_component>
      <object_component id="oc-8b">
         <name>.debug_info</name>
         <load_address>0xb7ed</load_address>
         <run_address>0xb7ed</run_address>
         <size>0x46</size>
         <input_file_ref idref="fl-c8"/>
      </object_component>
      <object_component id="oc-49">
         <name>.debug_info</name>
         <load_address>0xb833</load_address>
         <run_address>0xb833</run_address>
         <size>0x2da</size>
         <input_file_ref idref="fl-c9"/>
      </object_component>
      <object_component id="oc-1c">
         <name>.debug_info</name>
         <load_address>0xbb0d</load_address>
         <run_address>0xbb0d</run_address>
         <size>0x1df</size>
         <input_file_ref idref="fl-c9"/>
      </object_component>
      <object_component id="oc-44">
         <name>.debug_info</name>
         <load_address>0xbcec</load_address>
         <run_address>0xbcec</run_address>
         <size>0x46</size>
         <input_file_ref idref="fl-c9"/>
      </object_component>
      <object_component id="oc-92">
         <name>.debug_info</name>
         <load_address>0xbd32</load_address>
         <run_address>0xbd32</run_address>
         <size>0x2c</size>
         <input_file_ref idref="fl-c9"/>
      </object_component>
      <object_component id="oc-55">
         <name>.debug_info</name>
         <load_address>0xbd5e</load_address>
         <run_address>0xbd5e</run_address>
         <size>0x2c9</size>
         <input_file_ref idref="fl-ca"/>
      </object_component>
      <object_component id="oc-21">
         <name>.debug_info</name>
         <load_address>0xc027</load_address>
         <run_address>0xc027</run_address>
         <size>0x1aa</size>
         <input_file_ref idref="fl-ca"/>
      </object_component>
      <object_component id="oc-50">
         <name>.debug_info</name>
         <load_address>0xc1d1</load_address>
         <run_address>0xc1d1</run_address>
         <size>0x46</size>
         <input_file_ref idref="fl-ca"/>
      </object_component>
      <object_component id="oc-9a">
         <name>.debug_info</name>
         <load_address>0xc217</load_address>
         <run_address>0xc217</run_address>
         <size>0x2c</size>
         <input_file_ref idref="fl-ca"/>
      </object_component>
      <object_component id="oc-1d3">
         <name>.debug_info</name>
         <load_address>0xc243</load_address>
         <run_address>0xc243</run_address>
         <size>0x139</size>
         <input_file_ref idref="fl-cb"/>
      </object_component>
      <object_component id="oc-181">
         <name>.debug_info</name>
         <load_address>0xc37c</load_address>
         <run_address>0xc37c</run_address>
         <size>0xf7</size>
         <input_file_ref idref="fl-cb"/>
      </object_component>
      <object_component id="oc-1bf">
         <name>.debug_info</name>
         <load_address>0xc473</load_address>
         <run_address>0xc473</run_address>
         <size>0x184</size>
         <input_file_ref idref="fl-cb"/>
      </object_component>
      <object_component id="oc-23e">
         <name>.debug_info</name>
         <load_address>0xc5f7</load_address>
         <run_address>0xc5f7</run_address>
         <size>0xae</size>
         <input_file_ref idref="fl-cb"/>
      </object_component>
      <object_component id="oc-c0">
         <name>.debug_info</name>
         <load_address>0xc6a5</load_address>
         <run_address>0xc6a5</run_address>
         <size>0x3ce</size>
         <input_file_ref idref="fl-cc"/>
      </object_component>
      <object_component id="oc-ba">
         <name>.debug_info</name>
         <load_address>0xca73</load_address>
         <run_address>0xca73</run_address>
         <size>0x185</size>
         <input_file_ref idref="fl-cc"/>
      </object_component>
      <object_component id="oc-72">
         <name>.debug_info</name>
         <load_address>0xcbf8</load_address>
         <run_address>0xcbf8</run_address>
         <size>0x214</size>
         <input_file_ref idref="fl-cc"/>
      </object_component>
      <object_component id="oc-1c3">
         <name>.debug_info</name>
         <load_address>0xce0c</load_address>
         <run_address>0xce0c</run_address>
         <size>0x3d6</size>
         <input_file_ref idref="fl-cd"/>
      </object_component>
      <object_component id="oc-177">
         <name>.debug_info</name>
         <load_address>0xd1e2</load_address>
         <run_address>0xd1e2</run_address>
         <size>0x455</size>
         <input_file_ref idref="fl-cd"/>
      </object_component>
      <object_component id="oc-d8">
         <name>.debug_info</name>
         <load_address>0xd637</load_address>
         <run_address>0xd637</run_address>
         <size>0x2c</size>
         <input_file_ref idref="fl-cd"/>
      </object_component>
      <object_component id="oc-1e3">
         <name>.debug_info</name>
         <load_address>0xd663</load_address>
         <run_address>0xd663</run_address>
         <size>0x417</size>
         <input_file_ref idref="fl-ce"/>
      </object_component>
      <object_component id="oc-1a2">
         <name>.debug_info</name>
         <load_address>0xda7a</load_address>
         <run_address>0xda7a</run_address>
         <size>0x282</size>
         <input_file_ref idref="fl-ce"/>
      </object_component>
      <object_component id="oc-3f">
         <name>.debug_info</name>
         <load_address>0xdcfc</load_address>
         <run_address>0xdcfc</run_address>
         <size>0x111</size>
         <input_file_ref idref="fl-cf"/>
      </object_component>
      <object_component id="oc-4c">
         <name>.debug_info</name>
         <load_address>0xde0d</load_address>
         <run_address>0xde0d</run_address>
         <size>0x13f</size>
         <input_file_ref idref="fl-d0"/>
      </object_component>
      <object_component id="oc-57">
         <name>.debug_info</name>
         <load_address>0xdf4c</load_address>
         <run_address>0xdf4c</run_address>
         <size>0x138</size>
         <input_file_ref idref="fl-d1"/>
      </object_component>
      <object_component id="oc-224">
         <name>.debug_info</name>
         <load_address>0xe084</load_address>
         <run_address>0xe084</run_address>
         <size>0x3f7</size>
         <input_file_ref idref="fl-d2"/>
      </object_component>
      <object_component id="oc-1b6">
         <name>.debug_info</name>
         <load_address>0xe47b</load_address>
         <run_address>0xe47b</run_address>
         <size>0x23a</size>
         <input_file_ref idref="fl-d2"/>
      </object_component>
      <object_component id="oc-279">
         <name>.debug_info</name>
         <load_address>0xe6b5</load_address>
         <run_address>0xe6b5</run_address>
         <size>0x120</size>
         <input_file_ref idref="fl-d2"/>
      </object_component>
      <object_component id="oc-5f">
         <name>.debug_info</name>
         <load_address>0xe7d5</load_address>
         <run_address>0xe7d5</run_address>
         <size>0x148</size>
         <input_file_ref idref="fl-d3"/>
      </object_component>
      <object_component id="oc-1cb">
         <name>.debug_info</name>
         <load_address>0xe91d</load_address>
         <run_address>0xe91d</run_address>
         <size>0x35a</size>
         <input_file_ref idref="fl-d4"/>
      </object_component>
      <object_component id="oc-17b">
         <name>.debug_info</name>
         <load_address>0xec77</load_address>
         <run_address>0xec77</run_address>
         <size>0x200</size>
         <input_file_ref idref="fl-d4"/>
      </object_component>
      <object_component id="oc-1cc">
         <name>.debug_info</name>
         <load_address>0xee77</load_address>
         <run_address>0xee77</run_address>
         <size>0xbb</size>
         <input_file_ref idref="fl-d4"/>
      </object_component>
      <object_component id="oc-75">
         <name>.debug_info</name>
         <load_address>0xef32</load_address>
         <run_address>0xef32</run_address>
         <size>0x109</size>
         <input_file_ref idref="fl-d5"/>
      </object_component>
      <object_component id="oc-250">
         <name>.debug_info</name>
         <load_address>0xf03b</load_address>
         <run_address>0xf03b</run_address>
         <size>0x28f</size>
         <input_file_ref idref="fl-d6"/>
      </object_component>
      <object_component id="oc-1de">
         <name>.debug_info</name>
         <load_address>0xf2ca</load_address>
         <run_address>0xf2ca</run_address>
         <size>0x244</size>
         <input_file_ref idref="fl-d6"/>
      </object_component>
      <object_component id="oc-24e">
         <name>.debug_info</name>
         <load_address>0xf50e</load_address>
         <run_address>0xf50e</run_address>
         <size>0x27f</size>
         <input_file_ref idref="fl-d7"/>
      </object_component>
      <object_component id="oc-1d7">
         <name>.debug_info</name>
         <load_address>0xf78d</load_address>
         <run_address>0xf78d</run_address>
         <size>0x258</size>
         <input_file_ref idref="fl-d7"/>
      </object_component>
      <object_component id="oc-1e5">
         <name>.debug_info</name>
         <load_address>0xf9e5</load_address>
         <run_address>0xf9e5</run_address>
         <size>0x290</size>
         <input_file_ref idref="fl-d8"/>
      </object_component>
      <object_component id="oc-1a8">
         <name>.debug_info</name>
         <load_address>0xfc75</load_address>
         <run_address>0xfc75</run_address>
         <size>0x259</size>
         <input_file_ref idref="fl-d8"/>
      </object_component>
      <object_component id="oc-212">
         <name>.debug_info</name>
         <load_address>0xfece</load_address>
         <run_address>0xfece</run_address>
         <size>0x4c5</size>
         <input_file_ref idref="fl-d9"/>
      </object_component>
      <object_component id="oc-1ae">
         <name>.debug_info</name>
         <load_address>0x10393</load_address>
         <run_address>0x10393</run_address>
         <size>0xf8</size>
         <input_file_ref idref="fl-d9"/>
      </object_component>
      <object_component id="oc-221">
         <name>.debug_info</name>
         <load_address>0x1048b</load_address>
         <run_address>0x1048b</run_address>
         <size>0xf8</size>
         <input_file_ref idref="fl-d9"/>
      </object_component>
      <object_component id="oc-286">
         <name>.debug_info</name>
         <load_address>0x10583</load_address>
         <run_address>0x10583</run_address>
         <size>0x184</size>
         <input_file_ref idref="fl-d9"/>
      </object_component>
      <object_component id="oc-135">
         <name>.debug_info</name>
         <load_address>0x10707</load_address>
         <run_address>0x10707</run_address>
         <size>0x2be</size>
         <input_file_ref idref="fl-da"/>
      </object_component>
      <object_component id="oc-bd">
         <name>.debug_info</name>
         <load_address>0x109c5</load_address>
         <run_address>0x109c5</run_address>
         <size>0x113</size>
         <input_file_ref idref="fl-da"/>
      </object_component>
      <object_component id="oc-12e">
         <name>.debug_info</name>
         <load_address>0x10ad8</load_address>
         <run_address>0x10ad8</run_address>
         <size>0x21f</size>
         <input_file_ref idref="fl-da"/>
      </object_component>
      <object_component id="oc-b8">
         <name>.debug_info</name>
         <load_address>0x10cf7</load_address>
         <run_address>0x10cf7</run_address>
         <size>0x300</size>
         <input_file_ref idref="fl-db"/>
      </object_component>
      <object_component id="oc-69">
         <name>.debug_info</name>
         <load_address>0x10ff7</load_address>
         <run_address>0x10ff7</run_address>
         <size>0x167</size>
         <input_file_ref idref="fl-db"/>
      </object_component>
      <object_component id="oc-126">
         <name>.debug_info</name>
         <load_address>0x1115e</load_address>
         <run_address>0x1115e</run_address>
         <size>0x5e</size>
         <input_file_ref idref="fl-db"/>
      </object_component>
      <object_component id="oc-b0">
         <name>.debug_info</name>
         <load_address>0x111bc</load_address>
         <run_address>0x111bc</run_address>
         <size>0x483</size>
         <input_file_ref idref="fl-dc"/>
      </object_component>
      <object_component id="oc-63">
         <name>.debug_info</name>
         <load_address>0x1163f</load_address>
         <run_address>0x1163f</run_address>
         <size>0x190</size>
         <input_file_ref idref="fl-dc"/>
      </object_component>
      <object_component id="oc-e9">
         <name>.debug_info</name>
         <load_address>0x117cf</load_address>
         <run_address>0x117cf</run_address>
         <size>0x39</size>
         <input_file_ref idref="fl-dc"/>
      </object_component>
      <object_component id="oc-150">
         <name>.debug_info</name>
         <load_address>0x11808</load_address>
         <run_address>0x11808</run_address>
         <size>0x39</size>
         <input_file_ref idref="fl-dc"/>
      </object_component>
      <object_component id="oc-ee">
         <name>.debug_info</name>
         <load_address>0x11841</load_address>
         <run_address>0x11841</run_address>
         <size>0xcd</size>
         <input_file_ref idref="fl-dc"/>
      </object_component>
      <object_component id="oc-e5">
         <name>.debug_info</name>
         <load_address>0x1190e</load_address>
         <run_address>0x1190e</run_address>
         <size>0x37a</size>
         <input_file_ref idref="fl-dd"/>
      </object_component>
      <object_component id="oc-a4">
         <name>.debug_info</name>
         <load_address>0x11c88</load_address>
         <run_address>0x11c88</run_address>
         <size>0x183</size>
         <input_file_ref idref="fl-dd"/>
      </object_component>
      <object_component id="oc-14b">
         <name>.debug_info</name>
         <load_address>0x11e0b</load_address>
         <run_address>0x11e0b</run_address>
         <size>0x2c</size>
         <input_file_ref idref="fl-dd"/>
      </object_component>
      <object_component id="oc-239">
         <name>.debug_info</name>
         <load_address>0x11e37</load_address>
         <run_address>0x11e37</run_address>
         <size>0x39a</size>
         <input_file_ref idref="fl-de"/>
      </object_component>
      <object_component id="oc-1b9">
         <name>.debug_info</name>
         <load_address>0x121d1</load_address>
         <run_address>0x121d1</run_address>
         <size>0x298</size>
         <input_file_ref idref="fl-de"/>
      </object_component>
      <object_component id="oc-289">
         <name>.debug_info</name>
         <load_address>0x12469</load_address>
         <run_address>0x12469</run_address>
         <size>0x33c</size>
         <input_file_ref idref="fl-df"/>
      </object_component>
      <object_component id="oc-226">
         <name>.debug_info</name>
         <load_address>0x127a5</load_address>
         <run_address>0x127a5</run_address>
         <size>0x25a</size>
         <input_file_ref idref="fl-df"/>
      </object_component>
      <object_component id="oc-266">
         <name>.debug_info</name>
         <load_address>0x129ff</load_address>
         <run_address>0x129ff</run_address>
         <size>0x368</size>
         <input_file_ref idref="fl-e0"/>
      </object_component>
      <object_component id="oc-1ef">
         <name>.debug_info</name>
         <load_address>0x12d67</load_address>
         <run_address>0x12d67</run_address>
         <size>0x1b1</size>
         <input_file_ref idref="fl-e0"/>
      </object_component>
      <object_component id="oc-26c">
         <name>.debug_info</name>
         <load_address>0x12f18</load_address>
         <run_address>0x12f18</run_address>
         <size>0x36d</size>
         <input_file_ref idref="fl-e1"/>
      </object_component>
      <object_component id="oc-202">
         <name>.debug_info</name>
         <load_address>0x13285</load_address>
         <run_address>0x13285</run_address>
         <size>0x205</size>
         <input_file_ref idref="fl-e1"/>
      </object_component>
      <object_component id="oc-262">
         <name>.debug_info</name>
         <load_address>0x1348a</load_address>
         <run_address>0x1348a</run_address>
         <size>0x3cb</size>
         <input_file_ref idref="fl-e2"/>
      </object_component>
      <object_component id="oc-1e7">
         <name>.debug_info</name>
         <load_address>0x13855</load_address>
         <run_address>0x13855</run_address>
         <size>0x201</size>
         <input_file_ref idref="fl-e2"/>
      </object_component>
      <object_component id="oc-268">
         <name>.debug_info</name>
         <load_address>0x13a56</load_address>
         <run_address>0x13a56</run_address>
         <size>0x36c</size>
         <input_file_ref idref="fl-e3"/>
      </object_component>
      <object_component id="oc-1f5">
         <name>.debug_info</name>
         <load_address>0x13dc2</load_address>
         <run_address>0x13dc2</run_address>
         <size>0x1f0</size>
         <input_file_ref idref="fl-e3"/>
      </object_component>
      <object_component id="oc-276">
         <name>.debug_info</name>
         <load_address>0x13fb2</load_address>
         <run_address>0x13fb2</run_address>
         <size>0x3f3</size>
         <input_file_ref idref="fl-e4"/>
      </object_component>
      <object_component id="oc-20b">
         <name>.debug_info</name>
         <load_address>0x143a5</load_address>
         <run_address>0x143a5</run_address>
         <size>0x22b</size>
         <input_file_ref idref="fl-e4"/>
      </object_component>
      <object_component id="oc-26e">
         <name>.debug_info</name>
         <load_address>0x145d0</load_address>
         <run_address>0x145d0</run_address>
         <size>0x3be</size>
         <input_file_ref idref="fl-e5"/>
      </object_component>
      <object_component id="oc-205">
         <name>.debug_info</name>
         <load_address>0x1498e</load_address>
         <run_address>0x1498e</run_address>
         <size>0x1bb</size>
         <input_file_ref idref="fl-e5"/>
      </object_component>
      <object_component id="oc-26a">
         <name>.debug_info</name>
         <load_address>0x14b49</load_address>
         <run_address>0x14b49</run_address>
         <size>0x36d</size>
         <input_file_ref idref="fl-e6"/>
      </object_component>
      <object_component id="oc-1f9">
         <name>.debug_info</name>
         <load_address>0x14eb6</load_address>
         <run_address>0x14eb6</run_address>
         <size>0x1f5</size>
         <input_file_ref idref="fl-e6"/>
      </object_component>
      <object_component id="oc-89">
         <name>.debug_info</name>
         <load_address>0x150ab</load_address>
         <run_address>0x150ab</run_address>
         <size>0x3bc</size>
         <input_file_ref idref="fl-e7"/>
      </object_component>
      <object_component id="oc-31">
         <name>.debug_info</name>
         <load_address>0x15467</load_address>
         <run_address>0x15467</run_address>
         <size>0x101</size>
         <input_file_ref idref="fl-e7"/>
      </object_component>
      <object_component id="oc-244">
         <name>.debug_info</name>
         <load_address>0x15568</load_address>
         <run_address>0x15568</run_address>
         <size>0x14c</size>
         <input_file_ref idref="fl-e7"/>
      </object_component>
      <object_component id="oc-1c6">
         <name>.debug_info</name>
         <load_address>0x156b4</load_address>
         <run_address>0x156b4</run_address>
         <size>0x885</size>
         <input_file_ref idref="fl-e7"/>
      </object_component>
      <object_component id="oc-dd">
         <name>.debug_info</name>
         <load_address>0x15f39</load_address>
         <run_address>0x15f39</run_address>
         <size>0x62</size>
         <input_file_ref idref="fl-e7"/>
      </object_component>
      <object_component id="oc-ac">
         <name>.debug_info</name>
         <load_address>0x15f9b</load_address>
         <run_address>0x15f9b</run_address>
         <size>0x145</size>
         <input_file_ref idref="fl-e9"/>
      </object_component>
      <object_component id="oc-2aa">
         <name>.debug_info</name>
         <load_address>0x160e0</load_address>
         <run_address>0x160e0</run_address>
         <size>0x28a</size>
         <input_file_ref idref="fl-ea"/>
      </object_component>
      <object_component id="oc-272">
         <name>.debug_info</name>
         <load_address>0x1636a</load_address>
         <run_address>0x1636a</run_address>
         <size>0x231</size>
         <input_file_ref idref="fl-ea"/>
      </object_component>
      <object_component id="oc-297">
         <name>.debug_info</name>
         <load_address>0x1659b</load_address>
         <run_address>0x1659b</run_address>
         <size>0x284</size>
         <input_file_ref idref="fl-eb"/>
      </object_component>
      <object_component id="oc-257">
         <name>.debug_info</name>
         <load_address>0x1681f</load_address>
         <run_address>0x1681f</run_address>
         <size>0x22a</size>
         <input_file_ref idref="fl-eb"/>
      </object_component>
      <object_component id="oc-29c">
         <name>.debug_info</name>
         <load_address>0x16a49</load_address>
         <run_address>0x16a49</run_address>
         <size>0x2b0</size>
         <input_file_ref idref="fl-ec"/>
      </object_component>
      <object_component id="oc-299">
         <name>.debug_info</name>
         <load_address>0x16cf9</load_address>
         <run_address>0x16cf9</run_address>
         <size>0xfd</size>
         <input_file_ref idref="fl-ec"/>
      </object_component>
      <object_component id="oc-25f">
         <name>.debug_info</name>
         <load_address>0x16df6</load_address>
         <run_address>0x16df6</run_address>
         <size>0x281</size>
         <input_file_ref idref="fl-ec"/>
      </object_component>
      <object_component id="oc-28d">
         <name>.debug_info</name>
         <load_address>0x17077</load_address>
         <run_address>0x17077</run_address>
         <size>0x3c6</size>
         <input_file_ref idref="fl-ed"/>
      </object_component>
      <object_component id="oc-233">
         <name>.debug_info</name>
         <load_address>0x1743d</load_address>
         <run_address>0x1743d</run_address>
         <size>0x19a</size>
         <input_file_ref idref="fl-ed"/>
      </object_component>
      <object_component id="oc-28b">
         <name>.debug_info</name>
         <load_address>0x175d7</load_address>
         <run_address>0x175d7</run_address>
         <size>0x3c4</size>
         <input_file_ref idref="fl-ee"/>
      </object_component>
      <object_component id="oc-22d">
         <name>.debug_info</name>
         <load_address>0x1799b</load_address>
         <run_address>0x1799b</run_address>
         <size>0x18a</size>
         <input_file_ref idref="fl-ee"/>
      </object_component>
      <object_component id="oc-2e7">
         <name>.debug_info</name>
         <load_address>0x17b25</load_address>
         <run_address>0x17b25</run_address>
         <size>0x91</size>
      </object_component>
      <object_component id="oc-194">
         <name>.debug_line</name>
         <load_address>0x0</load_address>
         <run_address>0x0</run_address>
         <size>0x20</size>
         <input_file_ref idref="fl-2"/>
      </object_component>
      <object_component id="oc-f7">
         <name>.debug_line</name>
         <load_address>0x20</load_address>
         <run_address>0x20</run_address>
         <size>0xc9</size>
         <input_file_ref idref="fl-2"/>
      </object_component>
      <object_component id="oc-142">
         <name>.debug_line</name>
         <load_address>0xe9</load_address>
         <run_address>0xe9</run_address>
         <size>0x52</size>
         <input_file_ref idref="fl-2"/>
      </object_component>
      <object_component id="oc-147">
         <name>.debug_line</name>
         <load_address>0x13b</load_address>
         <run_address>0x13b</run_address>
         <size>0x55</size>
         <input_file_ref idref="fl-2"/>
      </object_component>
      <object_component id="oc-3c">
         <name>.debug_line</name>
         <load_address>0x190</load_address>
         <run_address>0x190</run_address>
         <size>0x20</size>
         <input_file_ref idref="fl-2"/>
      </object_component>
      <object_component id="oc-d2">
         <name>.debug_line</name>
         <load_address>0x1b0</load_address>
         <run_address>0x1b0</run_address>
         <size>0x65</size>
         <input_file_ref idref="fl-2"/>
      </object_component>
      <object_component id="oc-198">
         <name>.debug_line</name>
         <load_address>0x215</load_address>
         <run_address>0x215</run_address>
         <size>0x39</size>
         <input_file_ref idref="fl-3"/>
      </object_component>
      <object_component id="oc-104">
         <name>.debug_line</name>
         <load_address>0x24e</load_address>
         <run_address>0x24e</run_address>
         <size>0x106</size>
         <input_file_ref idref="fl-3"/>
      </object_component>
      <object_component id="oc-115">
         <name>.debug_line</name>
         <load_address>0x354</load_address>
         <run_address>0x354</run_address>
         <size>0xbd</size>
         <input_file_ref idref="fl-4"/>
      </object_component>
      <object_component id="oc-24c">
         <name>.debug_line</name>
         <load_address>0x411</load_address>
         <run_address>0x411</run_address>
         <size>0x20</size>
         <input_file_ref idref="fl-5"/>
      </object_component>
      <object_component id="oc-118">
         <name>.debug_line</name>
         <load_address>0x431</load_address>
         <run_address>0x431</run_address>
         <size>0x95</size>
         <input_file_ref idref="fl-5"/>
      </object_component>
      <object_component id="oc-19e">
         <name>.debug_line</name>
         <load_address>0x4c6</load_address>
         <run_address>0x4c6</run_address>
         <size>0x64</size>
         <input_file_ref idref="fl-5"/>
      </object_component>
      <object_component id="oc-196">
         <name>.debug_line</name>
         <load_address>0x52a</load_address>
         <run_address>0x52a</run_address>
         <size>0x37</size>
         <input_file_ref idref="fl-6"/>
      </object_component>
      <object_component id="oc-fa">
         <name>.debug_line</name>
         <load_address>0x561</load_address>
         <run_address>0x561</run_address>
         <size>0x144</size>
         <input_file_ref idref="fl-6"/>
      </object_component>
      <object_component id="oc-18d">
         <name>.debug_line</name>
         <load_address>0x6a5</load_address>
         <run_address>0x6a5</run_address>
         <size>0xe8</size>
         <input_file_ref idref="fl-7"/>
      </object_component>
      <object_component id="oc-b2">
         <name>.debug_line</name>
         <load_address>0x78d</load_address>
         <run_address>0x78d</run_address>
         <size>0xa0</size>
         <input_file_ref idref="fl-7"/>
      </object_component>
      <object_component id="oc-10e">
         <name>.debug_line</name>
         <load_address>0x82d</load_address>
         <run_address>0x82d</run_address>
         <size>0xaf</size>
         <input_file_ref idref="fl-8"/>
      </object_component>
      <object_component id="oc-13e">
         <name>.debug_line</name>
         <load_address>0x8dc</load_address>
         <run_address>0x8dc</run_address>
         <size>0x3b</size>
         <input_file_ref idref="fl-9"/>
      </object_component>
      <object_component id="oc-7f">
         <name>.debug_line</name>
         <load_address>0x917</load_address>
         <run_address>0x917</run_address>
         <size>0x92</size>
         <input_file_ref idref="fl-9"/>
      </object_component>
      <object_component id="oc-19a">
         <name>.debug_line</name>
         <load_address>0x9a9</load_address>
         <run_address>0x9a9</run_address>
         <size>0xc0</size>
         <input_file_ref idref="fl-a"/>
      </object_component>
      <object_component id="oc-106">
         <name>.debug_line</name>
         <load_address>0xa69</load_address>
         <run_address>0xa69</run_address>
         <size>0x4b8</size>
         <input_file_ref idref="fl-a"/>
      </object_component>
      <object_component id="oc-187">
         <name>.debug_line</name>
         <load_address>0xf21</load_address>
         <run_address>0xf21</run_address>
         <size>0x63</size>
         <input_file_ref idref="fl-a"/>
      </object_component>
      <object_component id="oc-d5">
         <name>.debug_line</name>
         <load_address>0xf84</load_address>
         <run_address>0xf84</run_address>
         <size>0x40</size>
         <input_file_ref idref="fl-b"/>
      </object_component>
      <object_component id="oc-85">
         <name>.debug_line</name>
         <load_address>0xfc4</load_address>
         <run_address>0xfc4</run_address>
         <size>0x40</size>
         <input_file_ref idref="fl-b"/>
      </object_component>
      <object_component id="oc-79">
         <name>.debug_line</name>
         <load_address>0x1004</load_address>
         <run_address>0x1004</run_address>
         <size>0x71</size>
         <input_file_ref idref="fl-b"/>
      </object_component>
      <object_component id="oc-192">
         <name>.debug_line</name>
         <load_address>0x1075</load_address>
         <run_address>0x1075</run_address>
         <size>0x3b</size>
         <input_file_ref idref="fl-c"/>
      </object_component>
      <object_component id="oc-c7">
         <name>.debug_line</name>
         <load_address>0x10b0</load_address>
         <run_address>0x10b0</run_address>
         <size>0x146</size>
         <input_file_ref idref="fl-c"/>
      </object_component>
      <object_component id="oc-214">
         <name>.debug_line</name>
         <load_address>0x11f6</load_address>
         <run_address>0x11f6</run_address>
         <size>0xff</size>
         <input_file_ref idref="fl-c6"/>
      </object_component>
      <object_component id="oc-172">
         <name>.debug_line</name>
         <load_address>0x12f5</load_address>
         <run_address>0x12f5</run_address>
         <size>0xa0</size>
         <input_file_ref idref="fl-c6"/>
      </object_component>
      <object_component id="oc-21d">
         <name>.debug_line</name>
         <load_address>0x1395</load_address>
         <run_address>0x1395</run_address>
         <size>0x2c</size>
         <input_file_ref idref="fl-c6"/>
      </object_component>
      <object_component id="oc-218">
         <name>.debug_line</name>
         <load_address>0x13c1</load_address>
         <run_address>0x13c1</run_address>
         <size>0x89</size>
         <input_file_ref idref="fl-c6"/>
      </object_component>
      <object_component id="oc-27">
         <name>.debug_line</name>
         <load_address>0x144a</load_address>
         <run_address>0x144a</run_address>
         <size>0x53</size>
         <input_file_ref idref="fl-c7"/>
      </object_component>
      <object_component id="oc-e3">
         <name>.debug_line</name>
         <load_address>0x149d</load_address>
         <run_address>0x149d</run_address>
         <size>0x20</size>
         <input_file_ref idref="fl-c8"/>
      </object_component>
      <object_component id="oc-19">
         <name>.debug_line</name>
         <load_address>0x14bd</load_address>
         <run_address>0x14bd</run_address>
         <size>0xa9</size>
         <input_file_ref idref="fl-c8"/>
      </object_component>
      <object_component id="oc-37">
         <name>.debug_line</name>
         <load_address>0x1566</load_address>
         <run_address>0x1566</run_address>
         <size>0x3a</size>
         <input_file_ref idref="fl-c8"/>
      </object_component>
      <object_component id="oc-8e">
         <name>.debug_line</name>
         <load_address>0x15a0</load_address>
         <run_address>0x15a0</run_address>
         <size>0x8a</size>
         <input_file_ref idref="fl-c8"/>
      </object_component>
      <object_component id="oc-98">
         <name>.debug_line</name>
         <load_address>0x162a</load_address>
         <run_address>0x162a</run_address>
         <size>0x8a</size>
         <input_file_ref idref="fl-c9"/>
      </object_component>
      <object_component id="oc-1f">
         <name>.debug_line</name>
         <load_address>0x16b4</load_address>
         <run_address>0x16b4</run_address>
         <size>0x55</size>
         <input_file_ref idref="fl-c9"/>
      </object_component>
      <object_component id="oc-47">
         <name>.debug_line</name>
         <load_address>0x1709</load_address>
         <run_address>0x1709</run_address>
         <size>0x3a</size>
         <input_file_ref idref="fl-c9"/>
      </object_component>
      <object_component id="oc-95">
         <name>.debug_line</name>
         <load_address>0x1743</load_address>
         <run_address>0x1743</run_address>
         <size>0x8a</size>
         <input_file_ref idref="fl-c9"/>
      </object_component>
      <object_component id="oc-a0">
         <name>.debug_line</name>
         <load_address>0x17cd</load_address>
         <run_address>0x17cd</run_address>
         <size>0x8a</size>
         <input_file_ref idref="fl-ca"/>
      </object_component>
      <object_component id="oc-24">
         <name>.debug_line</name>
         <load_address>0x1857</load_address>
         <run_address>0x1857</run_address>
         <size>0x4f</size>
         <input_file_ref idref="fl-ca"/>
      </object_component>
      <object_component id="oc-53">
         <name>.debug_line</name>
         <load_address>0x18a6</load_address>
         <run_address>0x18a6</run_address>
         <size>0x34</size>
         <input_file_ref idref="fl-ca"/>
      </object_component>
      <object_component id="oc-9d">
         <name>.debug_line</name>
         <load_address>0x18da</load_address>
         <run_address>0x18da</run_address>
         <size>0x8a</size>
         <input_file_ref idref="fl-ca"/>
      </object_component>
      <object_component id="oc-24a">
         <name>.debug_line</name>
         <load_address>0x1964</load_address>
         <run_address>0x1964</run_address>
         <size>0x2a</size>
         <input_file_ref idref="fl-cb"/>
      </object_component>
      <object_component id="oc-1d2">
         <name>.debug_line</name>
         <load_address>0x198e</load_address>
         <run_address>0x198e</run_address>
         <size>0x2a</size>
         <input_file_ref idref="fl-cb"/>
      </object_component>
      <object_component id="oc-23b">
         <name>.debug_line</name>
         <load_address>0x19b8</load_address>
         <run_address>0x19b8</run_address>
         <size>0x2a</size>
         <input_file_ref idref="fl-cb"/>
      </object_component>
      <object_component id="oc-241">
         <name>.debug_line</name>
         <load_address>0x19e2</load_address>
         <run_address>0x19e2</run_address>
         <size>0x89</size>
         <input_file_ref idref="fl-cb"/>
      </object_component>
      <object_component id="oc-138">
         <name>.debug_line</name>
         <load_address>0x1a6b</load_address>
         <run_address>0x1a6b</run_address>
         <size>0xf2</size>
         <input_file_ref idref="fl-cc"/>
      </object_component>
      <object_component id="oc-12c">
         <name>.debug_line</name>
         <load_address>0x1b5d</load_address>
         <run_address>0x1b5d</run_address>
         <size>0x2a</size>
         <input_file_ref idref="fl-cc"/>
      </object_component>
      <object_component id="oc-71">
         <name>.debug_line</name>
         <load_address>0x1b87</load_address>
         <run_address>0x1b87</run_address>
         <size>0x86</size>
[...]
      </symbol>
      <symbol id="sm-216">
         <name>UART0_InUDec</name>
         <value>0x175</value>
         <object_component_ref idref="oc-105"/>
      </symbol>
      <symbol id="sm-217">
         <name>UART0_InUHex</name>
         <value>0x469</value>
         <object_component_ref idref="oc-105"/>
      </symbol>
      <symbol id="sm-22c">
         <name>Reset_Handler</name>
         <value>0x24c7</value>
         <object_component_ref idref="oc-78"/>
      </symbol>
      <symbol id="sm-22d">
         <name>Default_Handler</name>
         <value>0x24d3</value>
         <object_component_ref idref="oc-78"/>
      </symbol>
      <symbol id="sm-22e">
         <name>interruptVectors</name>
         <value>0x0</value>
         <object_component_ref idref="oc-2c"/>
      </symbol>
      <symbol id="sm-274">
         <name>SystemInit</name>
         <value>0xde5</value>
         <object_component_ref idref="oc-c4"/>
      </symbol>
      <symbol id="sm-275">
         <name>SystemCoreClockUpdate</name>
         <value>0xb71</value>
         <object_component_ref idref="oc-c4"/>
      </symbol>
      <symbol id="sm-276">
         <name>SystemCoreClock</name>
         <value>0x20003820</value>
         <object_component_ref idref="oc-139"/>
      </symbol>
      <symbol id="sm-29b">
         <name>add_device</name>
         <value>0x1ac5</value>
         <object_component_ref idref="oc-16e"/>
      </symbol>
      <symbol id="sm-2ac">
         <name>_c_int00</name>
         <value>0x21c1</value>
         <object_component_ref idref="oc-26"/>
      </symbol>
      <symbol id="sm-2ad">
         <name>__stack</name>
         <value>0x2000fe00</value>
         <object_component_ref idref="oc-2f"/>
      </symbol>
      <symbol id="sm-2cb">
         <name>__TI_decompress_lzss</name>
         <value>0x1eb5</value>
         <object_component_ref idref="oc-14"/>
      </symbol>
      <symbol id="sm-2e2">
         <name>__TI_decompress_none</name>
         <value>0x24b9</value>
         <object_component_ref idref="oc-1a"/>
      </symbol>
      <symbol id="sm-2f9">
         <name>__TI_zero_init</name>
         <value>0x24d5</value>
         <object_component_ref idref="oc-20"/>
      </symbol>
      <symbol id="sm-313">
         <name>__TI_tmpnams</name>
         <value>0x20003120</value>
      </symbol>
      <symbol id="sm-314">
         <name>__aeabi_stdout</name>
         <value>0x200037e8</value>
         <object_component_ref idref="oc-1be"/>
      </symbol>
      <symbol id="sm-315">
         <name>__aeabi_stderr</name>
         <value>0x200037ec</value>
         <object_component_ref idref="oc-1be"/>
      </symbol>
      <symbol id="sm-316">
         <name>__aeabi_stdin</name>
         <value>0x200037e4</value>
         <object_component_ref idref="oc-1be"/>
      </symbol>
      <symbol id="sm-317">
         <name>_ftable</name>
         <value>0x20003610</value>
         <object_component_ref idref="oc-180"/>
      </symbol>
      <symbol id="sm-318">
         <name>__TI_ft_end</name>
         <value>0x200037e0</value>
         <object_component_ref idref="oc-1be"/>
      </symbol>
      <symbol id="sm-339">
         <name>C$$EXIT</name>
         <value>0x2215</value>
         <object_component_ref idref="oc-6e"/>
      </symbol>
      <symbol id="sm-33a">
         <name>abort</name>
         <value>0x2219</value>
         <object_component_ref idref="oc-6e"/>
      </symbol>
      <symbol id="sm-33b">
         <name>exit</name>
         <value>0x2221</value>
         <object_component_ref idref="oc-6e"/>
      </symbol>
      <symbol id="sm-33c">
         <name>__TI_dtors_ptr</name>
         <value>0x200037f4</value>
         <object_component_ref idref="oc-b9"/>
      </symbol>
      <symbol id="sm-33d">
         <name>__TI_cleanup_ptr</name>
         <value>0x200037f0</value>
         <object_component_ref idref="oc-b9"/>
      </symbol>
      <symbol id="sm-33e">
         <name>__TI_enable_exit_profile_output</name>
         <value>0x200037f8</value>
         <object_component_ref idref="oc-b9"/>
      </symbol>
      <symbol id="sm-375">
         <name>__TI_cleanup</name>
         <value>0x138d</value>
         <object_component_ref idref="oc-174"/>
      </symbol>
      <symbol id="sm-376">
         <name>freopen</name>
         <value>0x13b9</value>
         <object_component_ref idref="oc-174"/>
      </symbol>
      <symbol id="sm-377">
         <name>fopen</name>
         <value>0x13e3</value>
         <object_component_ref idref="oc-174"/>
      </symbol>
      <symbol id="sm-38c">
         <name>finddevice</name>
         <value>0x1e45</value>
         <object_component_ref idref="oc-1a0"/>
      </symbol>
      <symbol id="sm-38d">
         <name>getdevice</name>
         <value>0x1e6f</value>
         <object_component_ref idref="oc-1a0"/>
      </symbol>
      <symbol id="sm-3a8">
         <name>memcpy</name>
         <value>0x1c25</value>
         <object_component_ref idref="oc-3e"/>
      </symbol>
      <symbol id="sm-3a9">
         <name>__aeabi_memcpy</name>
         <value>0x1c25</value>
         <object_component_ref idref="oc-3e"/>
      </symbol>
      <symbol id="sm-3aa">
         <name>__aeabi_memcpy8</name>
         <value>0x1c25</value>
         <object_component_ref idref="oc-3e"/>
      </symbol>
      <symbol id="sm-3ab">
         <name>__aeabi_memcpy4</name>
         <value>0x1c25</value>
         <object_component_ref idref="oc-3e"/>
      </symbol>
      <symbol id="sm-3ba">
         <name>__aeabi_memset</name>
         <value>0x1d5b</value>
         <object_component_ref idref="oc-4a"/>
      </symbol>
      <symbol id="sm-3bb">
         <name>memset</name>
         <value>0x1d61</value>
         <object_component_ref idref="oc-4a"/>
      </symbol>
      <symbol id="sm-3bc">
         <name>__aeabi_memset8</name>
         <value>0x1d5b</value>
         <object_component_ref idref="oc-4a"/>
      </symbol>
      <symbol id="sm-3bd">
         <name>__aeabi_memset4</name>
         <value>0x1d5b</value>
         <object_component_ref idref="oc-4a"/>
      </symbol>
      <symbol id="sm-3be">
         <name>__aeabi_memclr8</name>
         <value>0x1d59</value>
         <object_component_ref idref="oc-4a"/>
      </symbol>
      <symbol id="sm-3bf">
         <name>__aeabi_memclr4</name>
         <value>0x1d59</value>
         <object_component_ref idref="oc-4a"/>
      </symbol>
      <symbol id="sm-3c0">
         <name>__aeabi_memclr</name>
         <value>0x1d59</value>
         <object_component_ref idref="oc-4a"/>
      </symbol>
      <symbol id="sm-3ca">
         <name>__mpu_init</name>
         <value>0x1dd3</value>
         <object_component_ref idref="oc-56"/>
      </symbol>
      <symbol id="sm-3ec">
         <name>open</name>
         <value>0x1a09</value>
         <object_component_ref idref="oc-1b2"/>
      </symbol>
      <symbol id="sm-3f6">
         <name>_system_pre_init</name>
         <value>0x24e1</value>
         <object_component_ref idref="oc-5c"/>
      </symbol>
      <symbol id="sm-417">
         <name>setvbuf</name>
         <value>0x1865</value>
         <object_component_ref idref="oc-17a"/>
      </symbol>
      <symbol id="sm-41f">
         <name>main_func_sp</name>
         <value>0x2000381c</value>
         <object_component_ref idref="oc-74"/>
      </symbol>
      <symbol id="sm-42f">
         <name>strchr</name>
         <value>0x2465</value>
         <object_component_ref idref="oc-1dc"/>
      </symbol>
      <symbol id="sm-43e">
         <name>strcmp</name>
         <value>0x244d</value>
         <object_component_ref idref="oc-1d6"/>
      </symbol>
      <symbol id="sm-44e">
         <name>strncpy</name>
         <value>0x2385</value>
         <object_component_ref idref="oc-1a6"/>
      </symbol>
      <symbol id="sm-46a">
         <name>_stream</name>
         <value>0x20003778</value>
         <object_component_ref idref="oc-220"/>
      </symbol>
      <symbol id="sm-46b">
         <name>_device</name>
         <value>0x20003700</value>
         <object_component_ref idref="oc-1ad"/>
      </symbol>
      <symbol id="sm-46c">
         <name>write</name>
         <value>0x23e9</value>
         <object_component_ref idref="oc-282"/>
      </symbol>
      <symbol id="sm-485">
         <name>_nop</name>
         <value>0x248b</value>
         <object_component_ref idref="oc-12d"/>
      </symbol>
      <symbol id="sm-486">
         <name>_lock</name>
         <value>0x20003808</value>
         <object_component_ref idref="oc-bc"/>
      </symbol>
      <symbol id="sm-487">
         <name>_unlock</name>
         <value>0x2000380c</value>
         <object_component_ref idref="oc-bc"/>
      </symbol>
      <symbol id="sm-488">
         <name>_register_lock</name>
         <value>0x2483</value>
         <object_component_ref idref="oc-12d"/>
      </symbol>
      <symbol id="sm-489">
         <name>_register_unlock</name>
         <value>0x247d</value>
         <object_component_ref idref="oc-12d"/>
      </symbol>
      <symbol id="sm-49d">
         <name>_args_main</name>
         <value>0x2435</value>
         <object_component_ref idref="oc-68"/>
      </symbol>
      <symbol id="sm-4c7">
         <name>__TI_auto_init</name>
         <value>0x1dd5</value>
         <object_component_ref idref="oc-62"/>
      </symbol>
      <symbol id="sm-4e1">
         <name>copy_in</name>
         <value>0x2269</value>
         <object_component_ref idref="oc-a3"/>
      </symbol>
      <symbol id="sm-4f7">
         <name>__TI_closefile</name>
         <value>0x1cc1</value>
         <object_component_ref idref="oc-1b8"/>
      </symbol>
      <symbol id="sm-4f8">
         <name>fclose</name>
         <value>0x1d27</value>
         <object_component_ref idref="oc-1b8"/>
      </symbol>
      <symbol id="sm-512">
         <name>__TI_doflush</name>
         <value>0x1941</value>
         <object_component_ref idref="oc-225"/>
      </symbol>
      <symbol id="sm-513">
         <name>fflush</name>
         <value>0x198d</value>
         <object_component_ref idref="oc-225"/>
      </symbol>
      <symbol id="sm-524">
         <name>HOSTclose</name>
         <value>0x22fd</value>
         <object_component_ref idref="oc-1ec"/>
      </symbol>
      <symbol id="sm-535">
         <name>HOSTlseek</name>
         <value>0x1f1d</value>
         <object_component_ref idref="oc-1fe"/>
      </symbol>
      <symbol id="sm-547">
         <name>parmbuf</name>
         <value>0x200031c8</value>
      </symbol>
      <symbol id="sm-548">
         <name>HOSTopen</name>
         <value>0x2055</value>
         <object_component_ref idref="oc-1e6"/>
      </symbol>
      <symbol id="sm-559">
         <name>HOSTread</name>
         <value>0x2111</value>
         <object_component_ref idref="oc-1f2"/>
      </symbol>
      <symbol id="sm-56a">
         <name>HOSTrename</name>
         <value>0x1f85</value>
         <object_component_ref idref="oc-20a"/>
      </symbol>
      <symbol id="sm-57b">
         <name>HOSTunlink</name>
         <value>0x2341</value>
         <object_component_ref idref="oc-204"/>
      </symbol>
      <symbol id="sm-58c">
         <name>HOSTwrite</name>
         <value>0x2169</value>
         <object_component_ref idref="oc-1f8"/>
      </symbol>
      <symbol id="sm-5fe">
         <name>_sys_memory</name>
         <value>0x20003210</value>
         <object_component_ref idref="oc-30"/>
      </symbol>
      <symbol id="sm-5ff">
         <name>free</name>
         <value>0x88b</value>
         <object_component_ref idref="oc-1c4"/>
      </symbol>
      <symbol id="sm-600">
         <name>realloc</name>
         <value>0x94b</value>
         <object_component_ref idref="oc-1c4"/>
      </symbol>
      <symbol id="sm-601">
         <name>memalign</name>
         <value>0xa55</value>
         <object_component_ref idref="oc-1c4"/>
      </symbol>
      <symbol id="sm-602">
         <name>calloc</name>
         <value>0xb41</value>
         <object_component_ref idref="oc-1c4"/>
      </symbol>
      <symbol id="sm-603">
         <name>malloc</name>
         <value>0x821</value>
         <object_component_ref idref="oc-1c4"/>
      </symbol>
      <symbol id="sm-604">
         <name>minit</name>
         <value>0x7a1</value>
         <object_component_ref idref="oc-1c4"/>
      </symbol>
      <symbol id="sm-60f">
         <name>_system_post_cinit</name>
         <value>0x23bb</value>
         <object_component_ref idref="oc-a9"/>
      </symbol>
      <symbol id="sm-61d">
         <name>strcpy</name>
         <value>0x2491</value>
         <object_component_ref idref="oc-26f"/>
      </symbol>
      <symbol id="sm-62b">
         <name>strlen</name>
         <value>0x24a5</value>
         <object_component_ref idref="oc-255"/>
      </symbol>
      <symbol id="sm-646">
         <name>__TI_readmsg</name>
         <value>0x201f</value>
         <object_component_ref idref="oc-25b"/>
      </symbol>
      <symbol id="sm-647">
         <name>C$$IO$$</name>
         <value>0x201b</value>
         <object_component_ref idref="oc-25b"/>
      </symbol>
      <symbol id="sm-648">
         <name>__CIOBUF_</name>
         <value>0x20003000</value>
         <object_component_ref idref="oc-298"/>
      </symbol>
      <symbol id="sm-649">
         <name>__TI_writemsg</name>
         <value>0x1fed</value>
         <object_component_ref idref="oc-25b"/>
      </symbol>
      <symbol id="sm-659">
         <name>unlink</name>
         <value>0x23bd</value>
         <object_component_ref idref="oc-231"/>
      </symbol>
      <symbol id="sm-66d">
         <name>close</name>
         <value>0x20b5</value>
         <object_component_ref idref="oc-22b"/>
      </symbol>
      <symbol id="sm-66e">
         <name>__TI_static_base__</name>
         <value>0x0</value>
      </symbol>
      <symbol id="sm-671">
         <name>SHT$$INIT_ARRAY$$Limit</name>
         <value>0x0</value>
      </symbol>
      <symbol id="sm-672">
         <name>SHT$$INIT_ARRAY$$Base</name>
         <value>0x0</value>
      </symbol>
      <symbol id="sm-673">
         <name>NMI_Handler</name>
         <value>0x24d3</value>
      </symbol>
      <symbol id="sm-674">
         <name>HardFault_Handler</name>
         <value>0x24d3</value>
      </symbol>
      <symbol id="sm-675">
         <name>MemManage_Handler</name>
         <value>0x24d3</value>
      </symbol>
      <symbol id="sm-676">
         <name>BusFault_Handler</name>
         <value>0x24d3</value>
      </symbol>
      <symbol id="sm-677">
         <name>UsageFault_Handler</name>
         <value>0x24d3</value>
      </symbol>
      <symbol id="sm-678">
         <name>SVC_Handler</name>
         <value>0x24d3</value>
      </symbol>
      <symbol id="sm-679">
         <name>DebugMon_Handler</name>
         <value>0x24d3</value>
      </symbol>
      <symbol id="sm-67a">
         <name>PendSV_Handler</name>
         <value>0x24d3</value>
      </symbol>
      <symbol id="sm-67b">
         <name>SysTick_Handler</name>
         <value>0x24d3</value>
      </symbol>
      <symbol id="sm-67c">
         <name>PSS_IRQHandler</name>
         <value>0x24d3</value>
      </symbol>
      <symbol id="sm-67d">
         <name>CS_IRQHandler</name>
         <value>0x24d3</value>
      </symbol>
      <symbol id="sm-67e">
         <name>PCM_IRQHandler</name>
         <value>0x24d3</value>
      </symbol>
      <symbol id="sm-67f">
         <name>WDT_A_IRQHandler</name>
         <value>0x24d3</value>
      </symbol>
      <symbol id="sm-680">
         <name>FPU_IRQHandler</name>
         <value>0x24d3</value>
      </symbol>
      <symbol id="sm-681">
         <name>FLCTL_IRQHandler</name>
         <value>0x24d3</value>
      </symbol>
      <symbol id="sm-682">
         <name>COMP_E0_IRQHandler</name>
         <value>0x24d3</value>
      </symbol>
      <symbol id="sm-683">
         <name>COMP_E1_IRQHandler</name>
         <value>0x24d3</value>
      </symbol>
      <symbol id="sm-684">
         <name>TA0_0_IRQHandler</name>
         <value>0x24d3</value>
      </symbol>
      <symbol id="sm-685">
         <name>TA0_N_IRQHandler</name>
         <value>0x24d3</value>
      </symbol>
      <symbol id="sm-686">
         <name>TA1_0_IRQHandler</name>
         <value>0x1bef</value>
      </symbol>
      <symbol id="sm-687">
         <name>TA1_N_IRQHandler</name>
         <value>0x24d3</value>
      </symbol>
      <symbol id="sm-688">
         <name>TA2_0_IRQHandler</name>
         <value>0x24d3</value>
      </symbol>
      <symbol id="sm-689">
         <name>TA2_N_IRQHandler</name>
         <value>0x24d3</value>
      </symbol>
      <symbol id="sm-68a">
         <name>TA3_0_IRQHandler</name>
         <value>0x24d3</value>
      </symbol>
      <symbol id="sm-68b">
         <name>TA3_N_IRQHandler</name>
         <value>0x24d3</value>
      </symbol>
      <symbol id="sm-68c">
         <name>EUSCIA0_IRQHandler</name>
         <value>0x24d3</value>
      </symbol>
      <symbol id="sm-68d">
         <name>EUSCIA1_IRQHandler</name>
         <value>0x24d3</value>
      </symbol>
      <symbol id="sm-68e">
         <name>EUSCIA2_IRQHandler</name>
         <value>0x24d3</value>
      </symbol>
      <symbol id="sm-68f">
         <name>EUSCIA3_IRQHandler</name>
         <value>0x24d3</value>
      </symbol>
      <symbol id="sm-690">
         <name>EUSCIB0_IRQHandler</name>
         <value>0x24d3</value>
      </symbol>
      <symbol id="sm-691">
         <name>EUSCIB1_IRQHandler</name>
         <value>0x24d3</value>
      </symbol>
      <symbol id="sm-692">
         <name>EUSCIB2_IRQHandler</name>
         <value>0x24d3</value>
      </symbol>
      <symbol id="sm-693">
         <name>EUSCIB3_IRQHandler</name>
         <value>0x24d3</value>
      </symbol>
      <symbol id="sm-694">
         <name>ADC14_IRQHandler</name>
         <value>0x24d3</value>
      </symbol>
      <symbol id="sm-695">
         <name>T32_INT1_IRQHandler</name>
         <value>0x24d3</value>
      </symbol>
      <symbol id="sm-696">
         <name>T32_INT2_IRQHandler</name>
         <value>0x24d3</value>
      </symbol>
      <symbol id="sm-697">
         <name>T32_INTC_IRQHandler</name>
         <value>0x24d3</value>
      </symbol>
      <symbol id="sm-698">
         <name>AES256_IRQHandler</name>
         <value>0x24d3</value>
      </symbol>
      <symbol id="sm-699">
         <name>RTC_C_IRQHandler</name>
         <value>0x24d3</value>
      </symbol>
      <symbol id="sm-69a">
         <name>DMA_ERR_IRQHandler</name>
         <value>0x24d3</value>
      </symbol>
      <symbol id="sm-69b">
         <name>DMA_INT3_IRQHandler</name>
         <value>0x24d3</value>
      </symbol>
      <symbol id="sm-69c">
         <name>DMA_INT2_IRQHandler</name>
         <value>0x24d3</value>
      </symbol>
      <symbol id="sm-69d">
         <name>DMA_INT1_IRQHandler</name>
         <value>0x24d3</value>
      </symbol>
      <symbol id="sm-69e">
         <name>DMA_INT0_IRQHandler</name>
         <value>0x24d3</value>
      </symbol>
      <symbol id="sm-69f">
         <name>PORT1_IRQHandler</name>
         <value>0x24d3</value>
      </symbol>
      <symbol id="sm-6a0">
         <name>PORT2_IRQHandler</name>
         <value>0x24d3</value>
      </symbol>
      <symbol id="sm-6a1">
         <name>PORT3_IRQHandler</name>
         <value>0x24d3</value>
      </symbol>
      <symbol id="sm-6a2">
         <name>PORT4_IRQHandler</name>
         <value>0x24d3</value>
      </symbol>
      <symbol id="sm-6a3">
         <name>PORT5_IRQHandler</name>
         <value>0x24d3</value>
      </symbol>
      <symbol id="sm-6a4">
         <name>PORT6_IRQHandler</name>
         <value>0x24d3</value>
      </symbol>
      <symbol id="sm-6a5">
         <name>remove</name>
         <value>0x23bd</value>
      </symbol>
   </symbol_table>
   <title>Link successful</title>
</link_info>
