******************************************************************************
                  TI ARM Linker PC v16.9.6                     
******************************************************************************
>> Linked Wed Nov 02 14:57:50 2022

OUTPUT FILE NAME:   <Lab2_FSM.out>
ENTRY POINT SYMBOL: "_c_int00"  address: 00001295


MEMORY CONFIGURATION

         name            origin    length      used     unused   attr    fill
----------------------  --------  ---------  --------  --------  ----  --------
  MAIN                  00000000   00040000  0000154a  0003eab6  R  X
  INFO                  00200000   00004000  00000000  00004000  R  X
  SRAM_CODE             01000000   00010000  00000251  0000fdaf  RW X
  SRAM_DATA             20000000   00010000  00000251  0000fdaf  RW  


SEGMENT ALLOCATION MAP

run origin  load origin   length   init length attrs members
----------  ----------- ---------- ----------- ----- -------
00000000    00000000    00001550   00001550    r-x
  00000000    00000000    000000e4   000000e4    r-- .intvecs
  000000e4    000000e4    000012fe   000012fe    r-x .text
  000013e4    000013e4    00000128   00000128    r-- .const
  00001510    00001510    00000040   00000040    r-- .cinit
20000000    20000000    00000051   00000000    rw-
  20000000    20000000    00000040   00000000    rw- .data
  20000040    20000040    00000011   00000000    rw- .bss
2000fe00    2000fe00    00000200   00000000    rw-
  2000fe00    2000fe00    00000200   00000000    rw- .stack


SECTION ALLOCATION MAP

 output                                  attributes/
section   page    origin      length       input sections
--------  ----  ----------  ----------   ----------------
.intvecs   0    00000000    000000e4     
                  00000000    000000e4     startup_msp432p401r_ccs.obj (.intvecs:retain)

.binit     0    00000000    00000000     

.text      0    000000e4    000012fe     
                  000000e4    00000630     TExaS.obj (.text)
                  00000714    0000032c     system_msp432p401r.obj (.text)
                  00000a40    00000304     Reflectance.obj (.text)
                  00000d44    000001e0     Clock.obj (.text)
                  00000f24    000000f4     LaunchPad.obj (.text)
                  00001018    0000009c     rtsv7M4_T_le_v4SPD16_eabi.lib : memcpy_t2.obj (.text)
                  000010b4    0000008c     Lab2-FSMmain-11states.obj (.text)
                  00001140    0000007a     rtsv7M4_T_le_v4SPD16_eabi.lib : memset_t2.obj (.text)
                  000011ba    00000002                                   : mpu_init.obj (.text)
                  000011bc    00000070                                   : autoinit.obj (.text)
                  0000122c    00000068                                   : copy_decompress_lzss.obj (.text:decompress:lzss)
                  00001294    00000054                                   : boot.obj (.text)
                  000012e8    00000054                                   : exit.obj (.text)
                  0000133c    0000004c                                   : cpy_tbl.obj (.text)
                  00001388    00000018                                   : args_main.obj (.text)
                  000013a0    00000014                                   : _lock.obj (.text)
                  000013b4    0000000e                                   : copy_decompress_none.obj (.text:decompress:none)
                  000013c2    0000000e     startup_msp432p401r_ccs.obj (.text)
                  000013d0    0000000c     rtsv7M4_T_le_v4SPD16_eabi.lib : copy_zero_init.obj (.text:decompress:ZI)
                  000013dc    00000004                                   : pre_init.obj (.text)
                  000013e0    00000002                                   : startup.obj (.text)

.const     0    000013e4    00000128     
                  000013e4    00000108     Lab2-FSMmain-11states.obj (.const:fsm)
                  000014ec    00000020     Reflectance.obj (.const:$P$T0$1)

.cinit     0    00001510    00000040     
                  00001510    00000017     (.cinit..data.load) [load image, compression = lzss]
                  00001527    00000001     --HOLE-- [fill = 0]
                  00001528    0000000c     (__TI_handler_table)
                  00001534    00000004     --HOLE-- [fill = 0]
                  00001538    00000008     (.cinit..bss.load) [load image, compression = zero_init]
                  00001540    00000010     (__TI_cinit_table)

.init_array 
*          0    00000000    00000000     UNINITIALIZED

.data      0    20000000    00000040     UNINITIALIZED
                  20000000    00000018     Clock.obj (.data)
                  20000018    0000000c     rtsv7M4_T_le_v4SPD16_eabi.lib : exit.obj (.data:$O1$$)
                  20000024    0000000c     TExaS.obj (.data)
                  20000030    00000008     rtsv7M4_T_le_v4SPD16_eabi.lib : _lock.obj (.data:$O1$$)
                  20000038    00000004                                   : stkdepth_vars.obj (.data)
                  2000003c    00000004     system_msp432p401r.obj (.data)

.bss       0    20000040    00000011     UNINITIALIZED
                  20000040    00000004     (.common:Input)
                  20000044    00000004     (.common:Output)
                  20000048    00000004     (.common:PeriodicTask2)
                  2000004c    00000004     (.common:Spt)
                  20000050    00000001     (.common:LogicData)

.stack     0    2000fe00    00000200     UNINITIALIZED
                  2000fe00    00000200     --HOLE--

MODULE SUMMARY

       Module                        code   ro data   rw data
       ------                        ----   -------   -------
    .\
       TExaS.obj                     1584   0         34     
       system_msp432p401r.obj        812    0         8      
       Reflectance.obj               772    32        0      
       Clock.obj                     480    0         48     
       Lab2-FSMmain-11states.obj     140    264       24     
       LaunchPad.obj                 244    0         0      
       startup_msp432p401r_ccs.obj   14     228       0      
    +--+-----------------------------+------+---------+---------+
       Total:                        4046   524       114    
                                                             
    C:\ti\ccsv7\tools\compiler\ti-cgt-arm_16.9.6.LTS\lib\rtsv7M4_T_le_v4SPD16_eabi.lib
       memcpy_t2.obj                 156    0         0      
       memset_t2.obj                 122    0         0      
       autoinit.obj                  112    0         0      
       exit.obj                      84     0         24     
       copy_decompress_lzss.obj      104    0         0      
       boot.obj                      84     0         0      
       cpy_tbl.obj                   76     0         0      
       _lock.obj                     20     0         16     
       args_main.obj                 24     0         0      
       copy_decompress_none.obj      14     0         0      
       copy_zero_init.obj            12     0         0      
       stkdepth_vars.obj             0      0         8      
       pre_init.obj                  4      0         0      
       mpu_init.obj                  2      0         0      
       startup.obj                   2      0         0      
    +--+-----------------------------+------+---------+---------+
       Total:                        816    0         48     
                                                             
       Stack:                        0      0         1024   
       Linker Generated:             0      59        0      
    +--+-----------------------------+------+---------+---------+
       Grand Total:                  4862   583       1186   


LINKER GENERATED COPY TABLES

__TI_cinit_table @ 00001540 records: 2, size/record: 8, table size: 16
	.data: load addr=00001510, load size=00000017 bytes, run addr=20000000, run size=00000040 bytes, compression=lzss
	.bss: load addr=00001538, load size=00000008 bytes, run addr=20000040, run size=00000011 bytes, compression=zero_init


LINKER GENERATED HANDLER TABLE

__TI_handler_table @ 00001528 records: 3, size/record: 4, table size: 12
	index: 0, handler: __TI_decompress_lzss
	index: 1, handler: __TI_decompress_none
	index: 2, handler: __TI_zero_init


GLOBAL SYMBOLS: SORTED ALPHABETICALLY BY Name 

address   name                           
-------   ----                           
000013cf  ADC14_IRQHandler               
00000475  ADC_Init                       
000013cf  AES256_IRQHandler              
000013cf  BusFault_Handler               
000012e9  C$$EXIT                        
000013cf  COMP_E0_IRQHandler             
000013cf  COMP_E1_IRQHandler             
20000008  CPMwait                        
000013cf  CS_IRQHandler                  
20000000  ClockFrequency                 
00000e99  Clock_Delay1ms                 
00000e6f  Clock_Delay1us                 
00000e5b  Clock_GetFreq                  
00000d45  Clock_Init48MHz                
20000014  Crystalstable                  
000013cf  DMA_ERR_IRQHandler             
000013cf  DMA_INT0_IRQHandler            
000013cf  DMA_INT1_IRQHandler            
000013cf  DMA_INT2_IRQHandler            
000013cf  DMA_INT3_IRQHandler            
000013cf  DebugMon_Handler               
000013cf  Default_Handler                
000013cf  EUSCIA0_IRQHandler             
000013cf  EUSCIA1_IRQHandler             
000013cf  EUSCIA2_IRQHandler             
000013cf  EUSCIA3_IRQHandler             
000013cf  EUSCIB0_IRQHandler             
000013cf  EUSCIB1_IRQHandler             
000013cf  EUSCIB2_IRQHandler             
000013cf  EUSCIB3_IRQHandler             
000013cf  FLCTL_IRQHandler               
000013cf  FPU_IRQHandler                 
000013cf  HardFault_Handler              
20000010  IFlags                         
20000040  Input                          
00000f25  LaunchPad_Init                 
00000f95  LaunchPad_Input                
00000faf  LaunchPad_LED                  
00000fcd  LaunchPad_Output               
000000e5  LogicAnalyzer                  
000000ef  LogicAnalyzer_P1               
000001c5  LogicAnalyzer_P10              
000000fd  LogicAnalyzer_P2               
0000010b  LogicAnalyzer_P2_7654          
0000011b  LogicAnalyzer_P3               
00000129  LogicAnalyzer_P4               
00000147  LogicAnalyzer_P4_765320        
00000137  LogicAnalyzer_P4_765432        
0000017f  LogicAnalyzer_P5               
0000018d  LogicAnalyzer_P6               
0000019b  LogicAnalyzer_P7               
000001a9  LogicAnalyzer_P8               
000001b7  LogicAnalyzer_P9               
20000050  LogicData                      
000013cf  MemManage_Handler              
000013cf  NMI_Handler                    
20000044  Output                         
000013cf  PCM_IRQHandler                 
000013cf  PORT1_IRQHandler               
000013cf  PORT2_IRQHandler               
000013cf  PORT3_IRQHandler               
000013cf  PORT4_IRQHandler               
000013cf  PORT5_IRQHandler               
000013cf  PORT6_IRQHandler               
000013cf  PSS_IRQHandler                 
000013cf  PendSV_Handler                 
20000048  PeriodicTask2                  
00000257  PeriodicTask2_Init             
000002d1  PeriodicTask2_Stop             
00000a51  Port5_Init                     
00000a91  Port7_Init                     
00000ab3  Port7_InitToInput              
00000aa5  Port7_Output_ChargeCap         
00000a71  Port9_Init                     
2000000c  Postwait                       
20000004  Prewait                        
000013cf  RTC_C_IRQHandler               
00000b09  Reflectance_Center             
00000cdb  Reflectance_End                
00000a41  Reflectance_Init               
00000b6d  Reflectance_Position           
00000abb  Reflectance_Read               
00000cb5  Reflectance_Start              
000013c3  Reset_Handler                  
UNDEFED   SHT$$INIT_ARRAY$$Base          
UNDEFED   SHT$$INIT_ARRAY$$Limit         
000013cf  SVC_Handler                    
000001d3  Scope                          
2000004c  Spt                            
000013cf  SysTick_Handler                
2000003c  SystemCoreClock                
00000715  SystemCoreClockUpdate          
00000989  SystemInit                     
000002c1  T32_INT1_IRQHandler            
000002c1  T32_INT1_IRQHandler            
000013cf  T32_INT2_IRQHandler            
000013cf  T32_INTC_IRQHandler            
000013cf  TA0_0_IRQHandler               
000013cf  TA0_N_IRQHandler               
000013cf  TA1_0_IRQHandler               
000013cf  TA1_N_IRQHandler               
000013cf  TA2_0_IRQHandler               
000013cf  TA2_N_IRQHandler               
000013cf  TA3_0_IRQHandler               
000013cf  TA3_N_IRQHandler               
00000413  TExaS_Clear0                   
0000041f  TExaS_Clear1                   
0000042b  TExaS_Clear2                   
00000437  TExaS_Clear3                   
00000443  TExaS_Clear4                   
00000445  TExaS_Clear5                   
00000451  TExaS_Clear6                   
00000551  TExaS_Init                     
20000028  TExaS_ScopeErrConflict         
20000024  TExaS_ScopeErrLostData         
2000002c  TExaS_ScopeWrnReconfig         
000003b1  TExaS_Set                      
000003c9  TExaS_Set0                     
000003d5  TExaS_Set1                     
000003e1  TExaS_Set2                     
000003ed  TExaS_Set3                     
000003f9  TExaS_Set4                     
000003fb  TExaS_Set5                     
00000407  TExaS_Set6                     
000006b1  TExaS_Stop                     
00000367  TExaS_Task0                    
00000373  TExaS_Task1                    
0000037f  TExaS_Task2                    
0000038b  TExaS_Task3                    
00000397  TExaS_Task4                    
00000399  TExaS_Task5                    
000003a5  TExaS_Task6                    
0000033b  UART_InChar                    
000002e1  UART_Init                      
0000034b  UART_OutChar                   
000013cf  UsageFault_Handler             
4000480c  WDTCTL_SYM                     
000013cf  WDT_A_IRQHandler               
20010000  __STACK_END                    
00000200  __STACK_SIZE                   
00001540  __TI_CINIT_Base                
00001550  __TI_CINIT_Limit               
00001528  __TI_Handler_Table_Base        
00001534  __TI_Handler_Table_Limit       
000011bd  __TI_auto_init                 
20000018  __TI_cleanup_ptr               
0000122d  __TI_decompress_lzss           
000013b5  __TI_decompress_none           
2000001c  __TI_dtors_ptr                 
20000020  __TI_enable_exit_profile_output
ffffffff  __TI_pprof_out_hndl            
ffffffff  __TI_prof_data_size            
ffffffff  __TI_prof_data_start           
00000000  __TI_static_base__             
000013d1  __TI_zero_init                 
00001141  __aeabi_memclr                 
00001141  __aeabi_memclr4                
00001141  __aeabi_memclr8                
00001019  __aeabi_memcpy                 
00001019  __aeabi_memcpy4                
00001019  __aeabi_memcpy8                
00001143  __aeabi_memset                 
00001143  __aeabi_memset4                
00001143  __aeabi_memset8                
ffffffff  __binit__                      
ffffffff  __c_args__                     
000011bb  __mpu_init                     
2000fe00  __stack                        
00001389  _args_main                     
00001295  _c_int00                       
20000030  _lock                          
000013af  _nop                           
000013a7  _register_lock                 
000013a1  _register_unlock               
000013e1  _system_post_cinit             
000013dd  _system_pre_init               
20000034  _unlock                        
000012ed  abort                          
ffffffff  binit                          
0000133d  copy_in                        
00000e61  delay                          
000012f5  exit                           
000013e4  fsm                            
00000000  interruptVectors               
000010b5  main                           
20000038  main_func_sp                   
00001019  memcpy                         
00001149  memset                         


GLOBAL SYMBOLS: SORTED BY Symbol Address 

address   name                           
-------   ----                           
00000000  __TI_static_base__             
00000000  interruptVectors               
000000e5  LogicAnalyzer                  
000000ef  LogicAnalyzer_P1               
000000fd  LogicAnalyzer_P2               
0000010b  LogicAnalyzer_P2_7654          
0000011b  LogicAnalyzer_P3               
00000129  LogicAnalyzer_P4               
00000137  LogicAnalyzer_P4_765432        
00000147  LogicAnalyzer_P4_765320        
0000017f  LogicAnalyzer_P5               
0000018d  LogicAnalyzer_P6               
0000019b  LogicAnalyzer_P7               
000001a9  LogicAnalyzer_P8               
000001b7  LogicAnalyzer_P9               
000001c5  LogicAnalyzer_P10              
000001d3  Scope                          
00000200  __STACK_SIZE                   
00000257  PeriodicTask2_Init             
000002c1  T32_INT1_IRQHandler            
000002c1  T32_INT1_IRQHandler            
000002d1  PeriodicTask2_Stop             
000002e1  UART_Init                      
0000033b  UART_InChar                    
0000034b  UART_OutChar                   
00000367  TExaS_Task0                    
00000373  TExaS_Task1                    
0000037f  TExaS_Task2                    
0000038b  TExaS_Task3                    
00000397  TExaS_Task4                    
00000399  TExaS_Task5                    
000003a5  TExaS_Task6                    
000003b1  TExaS_Set                      
000003c9  TExaS_Set0                     
000003d5  TExaS_Set1                     
000003e1  TExaS_Set2                     
000003ed  TExaS_Set3                     
000003f9  TExaS_Set4                     
000003fb  TExaS_Set5                     
00000407  TExaS_Set6                     
00000413  TExaS_Clear0                   
0000041f  TExaS_Clear1                   
0000042b  TExaS_Clear2                   
00000437  TExaS_Clear3                   
00000443  TExaS_Clear4                   
00000445  TExaS_Clear5                   
00000451  TExaS_Clear6                   
00000475  ADC_Init                       
00000551  TExaS_Init                     
000006b1  TExaS_Stop                     
00000715  SystemCoreClockUpdate          
00000989  SystemInit                     
00000a41  Reflectance_Init               
00000a51  Port5_Init                     
00000a71  Port9_Init                     
00000a91  Port7_Init                     
00000aa5  Port7_Output_ChargeCap         
00000ab3  Port7_InitToInput              
00000abb  Reflectance_Read               
00000b09  Reflectance_Center             
00000b6d  Reflectance_Position           
00000cb5  Reflectance_Start              
00000cdb  Reflectance_End                
00000d45  Clock_Init48MHz                
00000e5b  Clock_GetFreq                  
00000e61  delay                          
00000e6f  Clock_Delay1us                 
00000e99  Clock_Delay1ms                 
00000f25  LaunchPad_Init                 
00000f95  LaunchPad_Input                
00000faf  LaunchPad_LED                  
00000fcd  LaunchPad_Output               
00001019  __aeabi_memcpy                 
00001019  __aeabi_memcpy4                
00001019  __aeabi_memcpy8                
00001019  memcpy                         
000010b5  main                           
00001141  __aeabi_memclr                 
00001141  __aeabi_memclr4                
00001141  __aeabi_memclr8                
00001143  __aeabi_memset                 
00001143  __aeabi_memset4                
00001143  __aeabi_memset8                
00001149  memset                         
000011bb  __mpu_init                     
000011bd  __TI_auto_init                 
0000122d  __TI_decompress_lzss           
00001295  _c_int00                       
000012e9  C$$EXIT                        
000012ed  abort                          
000012f5  exit                           
0000133d  copy_in                        
00001389  _args_main                     
000013a1  _register_unlock               
000013a7  _register_lock                 
000013af  _nop                           
000013b5  __TI_decompress_none           
000013c3  Reset_Handler                  
000013cf  ADC14_IRQHandler               
000013cf  AES256_IRQHandler              
000013cf  BusFault_Handler               
000013cf  COMP_E0_IRQHandler             
000013cf  COMP_E1_IRQHandler             
000013cf  CS_IRQHandler                  
000013cf  DMA_ERR_IRQHandler             
000013cf  DMA_INT0_IRQHandler            
000013cf  DMA_INT1_IRQHandler            
000013cf  DMA_INT2_IRQHandler            
000013cf  DMA_INT3_IRQHandler            
000013cf  DebugMon_Handler               
000013cf  Default_Handler                
000013cf  EUSCIA0_IRQHandler             
000013cf  EUSCIA1_IRQHandler             
000013cf  EUSCIA2_IRQHandler             
000013cf  EUSCIA3_IRQHandler             
000013cf  EUSCIB0_IRQHandler             
000013cf  EUSCIB1_IRQHandler             
000013cf  EUSCIB2_IRQHandler             
000013cf  EUSCIB3_IRQHandler             
000013cf  FLCTL_IRQHandler               
000013cf  FPU_IRQHandler                 
000013cf  HardFault_Handler              
000013cf  MemManage_Handler              
000013cf  NMI_Handler                    
000013cf  PCM_IRQHandler                 
000013cf  PORT1_IRQHandler               
000013cf  PORT2_IRQHandler               
000013cf  PORT3_IRQHandler               
000013cf  PORT4_IRQHandler               
000013cf  PORT5_IRQHandler               
000013cf  PORT6_IRQHandler               
000013cf  PSS_IRQHandler                 
000013cf  PendSV_Handler                 
000013cf  RTC_C_IRQHandler               
000013cf  SVC_Handler                    
000013cf  SysTick_Handler                
000013cf  T32_INT2_IRQHandler            
000013cf  T32_INTC_IRQHandler            
000013cf  TA0_0_IRQHandler               
000013cf  TA0_N_IRQHandler               
000013cf  TA1_0_IRQHandler               
000013cf  TA1_N_IRQHandler               
000013cf  TA2_0_IRQHandler               
000013cf  TA2_N_IRQHandler               
000013cf  TA3_0_IRQHandler               
000013cf  TA3_N_IRQHandler               
000013cf  UsageFault_Handler             
000013cf  WDT_A_IRQHandler               
000013d1  __TI_zero_init                 
000013dd  _system_pre_init               
000013e1  _system_post_cinit             
000013e4  fsm                            
00001528  __TI_Handler_Table_Base        
00001534  __TI_Handler_Table_Limit       
00001540  __TI_CINIT_Base                
00001550  __TI_CINIT_Limit               
20000000  ClockFrequency                 
20000004  Prewait                        
20000008  CPMwait                        
2000000c  Postwait                       
20000010  IFlags                         
20000014  Crystalstable                  
20000018  __TI_cleanup_ptr               
2000001c  __TI_dtors_ptr                 
20000020  __TI_enable_exit_profile_output
20000024  TExaS_ScopeErrLostData         
20000028  TExaS_ScopeErrConflict         
2000002c  TExaS_ScopeWrnReconfig         
20000030  _lock                          
20000034  _unlock                        
20000038  main_func_sp                   
2000003c  SystemCoreClock                
20000040  Input                          
20000044  Output                         
20000048  PeriodicTask2                  
2000004c  Spt                            
20000050  LogicData                      
2000fe00  __stack                        
20010000  __STACK_END                    
4000480c  WDTCTL_SYM                     
ffffffff  __TI_pprof_out_hndl            
ffffffff  __TI_prof_data_size            
ffffffff  __TI_prof_data_start           
ffffffff  __binit__                      
ffffffff  __c_args__                     
ffffffff  binit                          
UNDEFED   SHT$$INIT_ARRAY$$Base          
UNDEFED   SHT$$INIT_ARRAY$$Limit         

[188 symbols]
